 node_activex

 Timestamp is 5d2280f5 (Mon Jul  8 08:32:05 2019)

 Preferred load address is 0000000180000000

 Start         Length     Name                   Class
 0001:00000000 00000890H .text$di                CODE
 0001:00000890 000227d0H .text$mn                CODE
 0001:00023060 00000020H .text$mn$00             CODE
 0001:00023080 00000250H .text$x                 CODE
 0001:000232d0 000000bfH .text$yd                CODE
 0002:00000000 00000318H .idata$5                DATA
 0002:00000318 00000010H .00cfg                  DATA
 0002:00000328 00000008H .CRT$XCA                DATA
 0002:00000330 00000040H .CRT$XCU                DATA
 0002:00000370 00000008H .CRT$XCZ                DATA
 0002:00000378 00000008H .CRT$XIA                DATA
 0002:00000380 00000018H .CRT$XIC                DATA
 0002:00000398 00000008H .CRT$XIZ                DATA
 0002:000003a0 00000008H .CRT$XPA                DATA
 0002:000003a8 00000010H .CRT$XPX                DATA
 0002:000003b8 00000008H .CRT$XPXA               DATA
 0002:000003c0 00000008H .CRT$XPZ                DATA
 0002:000003c8 00000008H .CRT$XTA                DATA
 0002:000003d0 00000010H .CRT$XTZ                DATA
 0002:000003d8 00000000H .gfids$y                DATA
 0002:000003e0 00008e90H .rdata                  DATA
 0002:00009270 000002fcH .rdata$r                DATA
 0002:0000956c 000003d4H .rdata$zzzdbg           DATA
 0002:00009940 00000008H .rtc$IAA                DATA
 0002:00009948 00000008H .rtc$IZZ                DATA
 0002:00009950 00000008H .rtc$TAA                DATA
 0002:00009958 00000008H .rtc$TZZ                DATA
 0002:00009960 00001fa8H .xdata                  DATA
 0002:0000b908 0000017cH .xdata$x                DATA
 0002:0000ba84 00000020H .didat$2                DATA
 0002:0000baa4 00000024H .didat$3                DATA
 0002:0000bac8 000001f8H .didat$4                DATA
 0002:0000bcc0 000011d0H .didat$6                DATA
 0002:0000ce90 00000200H .didat$7                DATA
 0002:0000d090 0000005cH .edata                  DATA
 0002:0000d0ec 00000050H .idata$2                DATA
 0002:0000d13c 00000014H .idata$3                DATA
 0002:0000d150 00000318H .idata$4                DATA
 0002:0000d468 00000616H .idata$6                DATA
 0003:00000000 00000a90H .data                   DATA
 0003:00000a90 000000f0H .data$r                 DATA
 0003:00000b80 00000200H .didat$5                DATA
 0003:00000d80 00001274H .bss                    DATA
 0004:00000000 00002064H .pdata                  DATA
 0005:00000000 00000060H .rsrc$01                DATA
 0005:00000060 00000180H .rsrc$02                DATA

  Address         Publics by Value              Rva+Base               Lib:Object

 0000:00000000       __guard_iat_count          0000000000000000     <absolute>
 0000:00000000       __guard_fids_count         0000000000000000     <absolute>
 0000:00000000       __hybrid_code_map          0000000000000000     <absolute>
 0000:00000000       __volatile_metadata        0000000000000000     <absolute>
 0000:00000000       __guard_longjmp_count      0000000000000000     <absolute>
 0000:00000000       __guard_longjmp_table      0000000000000000     <absolute>
 0000:00000000       __guard_iat_table          0000000000000000     <absolute>
 0000:00000000       __hybrid_code_map_count    0000000000000000     <absolute>
 0000:00000000       ___safe_se_handler_count   0000000000000000     <absolute>
 0000:00000000       __enclave_config           0000000000000000     <absolute>
 0000:00000000       ___safe_se_handler_table   0000000000000000     <absolute>
 0000:00000000       __guard_fids_table         0000000000000000     <absolute>
 0000:00000000       __hybrid_auxiliary_iat     0000000000000000     <absolute>
 0000:00000000       __dynamic_value_reloc_table 0000000000000000     <absolute>
 0000:00000100       __guard_flags              0000000000000100     <absolute>
 0000:00000000       __ImageBase                0000000180000000     <linker-defined>
 0001:00000890       ?Init@node_activex@@YAXV?$Local@VObject@v8@@@v8@@@Z 0000000180001890 f   main.obj
 0001:000009f0       DllMain                    00000001800019f0 f   main.obj
 0001:00000a20       __local_stdio_printf_options 0000000180001a20 f i utils.obj
 0001:00000a30       swprintf_s                 0000000180001a30 f i utils.obj
 0001:00000a90       ?_Get_deleter@_Ref_count_base@std@@UEBAPEAXAEBVtype_info@@@Z 0000000180001a90 f i utils.obj
 0001:00000aa0       ?GetTypeInfoCount@DispObjectImpl@@UEAAJPEAI@Z 0000000180001aa0 f i utils.obj
 0001:00000aa0       ?GetTypeInfoCount@DispEnumImpl@@UEAAJPEAI@Z 0000000180001aa0 f i utils.obj
 0001:00000ab0       ?GetTypeInfo@DispEnumImpl@@UEAAJIKPEAPEAUITypeInfo@@@Z 0000000180001ab0 f i utils.obj
 0001:00000ab0       ?GetTypeInfo@DispObjectImpl@@UEAAJIKPEAPEAUITypeInfo@@@Z 0000000180001ab0 f i utils.obj
 0001:00000ac0       ??_EDispEnumImpl@@UEAAPEAXI@Z 0000000180001ac0 f i * CIL library *:* CIL module *
 0001:00000ac0       ??_GDispEnumImpl@@UEAAPEAXI@Z 0000000180001ac0 f i utils.obj
 0001:00000b20       ??0DispObjectImpl@@QEAA@AEBV?$Local@VObject@v8@@@v8@@_N@Z 0000000180001b20 f i utils.obj
 0001:00000be0       ?QueryInterface@DispObjectImpl@@UEAAJAEBU_GUID@@PEAPEAX@Z 0000000180001be0 f i utils.obj
 0001:00000c60       ??_GDispObjectImpl@@UEAAPEAXI@Z 0000000180001c60 f i utils.obj
 0001:00000c60       ??_EDispObjectImpl@@UEAAPEAXI@Z 0000000180001c60 f i * CIL library *:* CIL module *
 0001:00000d20       ??0DispInfo@@QEAA@PEAUIDispatch@@AEBV?$basic_string@_WU?$char_traits@_W@std@@V?$allocator@_W@2@@std@@HPEAV?$shared_ptr@VDispInfo@@@3@@Z 0000000180001d20 f i utils.obj
 0001:00000ec0       ??R<lambda_8d358ac099d63a162fde4e1faf93afcd>@@QEBAXPEAUITypeInfo@@PEAUtagFUNCDESC@@@Z 0000000180001ec0 f i utils.obj
 0001:00001040       ?NodeCreate@DispObject@@SA?AV?$Local@VObject@v8@@@v8@@PEAVIsolate@3@PEAUIDispatch@@AEBV?$basic_string@_WU?$char_traits@_W@std@@V?$allocator@_W@2@@std@@H@Z 0000000180002040 f i utils.obj
 0001:00001190       ?GetWin32ErroroMessage@@YAPEAGPEAG_KPEAVIsolate@v8@@JPEB_W33@Z 0000000180002190 f   utils.obj
 0001:00001340       ?Variant2Value@@YA?AV?$Local@VValue@v8@@@v8@@PEAVIsolate@2@AEBUtagVARIANT@@_N@Z 0000000180002340 f   utils.obj
 0001:00001930       ?Variant2String@@YA?AV?$Local@VValue@v8@@@v8@@PEAVIsolate@2@AEBUtagVARIANT@@@Z 0000000180002930 f   utils.obj
 0001:00001d20       ?Value2Variant@@YAXPEAVIsolate@v8@@AEAV?$Local@VValue@v8@@@2@AEAUtagVARIANT@@G@Z 0000000180002d20 f   utils.obj
 0001:000021f0       ?Value2Unknown@@YA_NPEAVIsolate@v8@@AEAV?$Local@VValue@v8@@@2@PEAPEAUIUnknown@@@Z 00000001800031f0 f   utils.obj
 0001:00002370       ?UnknownDispGet@@YA_NPEAUIUnknown@@PEAPEAUIDispatch@@@Z 0000000180003370 f   utils.obj
 0001:00002440       ?GetIDsOfNames@DispEnumImpl@@UEAAJAEBU_GUID@@PEAPEA_WIKPEAJ@Z 0000000180003440 f   utils.obj
 0001:00002530       ?Invoke@DispEnumImpl@@UEAAJJAEBU_GUID@@KGPEAUtagDISPPARAMS@@PEAUtagVARIANT@@PEAUtagEXCEPINFO@@PEAI@Z 0000000180003530 f   utils.obj
 0001:000027c0       ?GetIDsOfNames@DispObjectImpl@@UEAAJAEBU_GUID@@PEAPEA_WIKPEAJ@Z 00000001800037c0 f   utils.obj
 0001:00002ab0       ?Invoke@DispObjectImpl@@UEAAJJAEBU_GUID@@KGPEAUtagDISPPARAMS@@PEAUtagVARIANT@@PEAUtagEXCEPINFO@@PEAI@Z 0000000180003ab0 f   utils.obj
 0001:00002f70       ?Release@?$UnknownImpl@UIDispatch@@@@UEAAKXZ 0000000180003f70 f i utils.obj
 0001:00002fb0       ?AddRef@?$UnknownImpl@UIDispatch@@@@UEAAKXZ 0000000180003fb0 f i utils.obj
 0001:00002fc0       ?QueryInterface@?$UnknownImpl@UIDispatch@@@@UEAAJAEBU_GUID@@PEAPEAX@Z 0000000180003fc0 f i utils.obj
 0001:00003010       ??0?$basic_string@_WU?$char_traits@_W@std@@V?$allocator@_W@2@@std@@QEAA@AEBV01@@Z 0000000180004010 f i utils.obj
 0001:00003110       ??_G?$UnknownImpl@UIDispatch@@@@UEAAPEAXI@Z 0000000180004110 f i utils.obj
 0001:00003110       ??_E?$UnknownImpl@UIDispatch@@@@UEAAPEAXI@Z 0000000180004110 f i * CIL library *:* CIL module *
 0001:00003140       ?assign@?$basic_string@_WU?$char_traits@_W@std@@V?$allocator@_W@2@@std@@QEAAAEAV12@QEB_W_K@Z 0000000180004140 f i utils.obj
 0001:000032d0       ?erase@?$_Tree@V?$_Tmap_traits@JV?$shared_ptr@Uname_t@DispObjectImpl@@@std@@U?$less@J@2@V?$allocator@U?$pair@$$CBJV?$shared_ptr@Uname_t@DispObjectImpl@@@std@@@std@@@2@$0A@@std@@@std@@QEAA?AV?$_Tree_iterator@V?$_Tree_val@U?$_Tree_simple_types@U?$pair@$$CBJV?$shared_ptr@Uname_t@DispObjectImpl@@@std@@@std@@@std@@@std@@@2@V?$_Tree_const_iterator@V?$_Tree_val@U?$_Tree_simple_types@U?$pair@$$CBJV?$shared_ptr@Uname_t@DispObjectImpl@@@std@@@std@@@std@@@std@@@2@0@Z 00000001800042d0 f i utils.obj
 0001:000032d0       ?erase@?$_Tree@V?$_Tmap_traits@JV?$shared_ptr@Utype_t@DispInfo@@@std@@U?$less@J@2@V?$allocator@U?$pair@$$CBJV?$shared_ptr@Utype_t@DispInfo@@@std@@@std@@@2@$0A@@std@@@std@@QEAA?AV?$_Tree_iterator@V?$_Tree_val@U?$_Tree_simple_types@U?$pair@$$CBJV?$shared_ptr@Utype_t@DispInfo@@@std@@@std@@@std@@@std@@@2@V?$_Tree_const_iterator@V?$_Tree_val@U?$_Tree_simple_types@U?$pair@$$CBJV?$shared_ptr@Utype_t@DispInfo@@@std@@@std@@@std@@@std@@@2@0@Z 00000001800042d0 f i utils.obj
 0001:00003460       ?erase@?$_Tree@V?$_Tmap_traits@V?$basic_string@_WU?$char_traits@_W@std@@V?$allocator@_W@2@@std@@V?$shared_ptr@Uname_t@DispObjectImpl@@@2@U?$less@V?$basic_string@_WU?$char_traits@_W@std@@V?$allocator@_W@2@@std@@@2@V?$allocator@U?$pair@$$CBV?$basic_string@_WU?$char_traits@_W@std@@V?$allocator@_W@2@@std@@V?$shared_ptr@Uname_t@DispObjectImpl@@@2@@std@@@2@$0A@@std@@@std@@QEAA?AV?$_Tree_iterator@V?$_Tree_val@U?$_Tree_simple_types@U?$pair@$$CBV?$basic_string@_WU?$char_traits@_W@std@@V?$allocator@_W@2@@std@@V?$shared_ptr@Uname_t@DispObjectImpl@@@2@@std@@@std@@@std@@@2@V?$_Tree_const_iterator@V?$_Tree_val@U?$_Tree_simple_types@U?$pair@$$CBV?$basic_string@_WU?$char_traits@_W@std@@V?$allocator@_W@2@@std@@V?$shared_ptr@Uname_t@DispObjectImpl@@@2@@std@@@std@@@std@@@2@0@Z 0000000180004460 f i utils.obj
 0001:00003600       ?_Extract@?$_Tree_val@U?$_Tree_simple_types@U?$pair@$$CBGV?$basic_string@_WU?$char_traits@_W@std@@V?$allocator@_W@2@@std@@@std@@@std@@@std@@QEAAPEAU?$_Tree_node@U?$pair@$$CBGV?$basic_string@_WU?$char_traits@_W@std@@V?$allocator@_W@2@@std@@@std@@PEAX@2@V?$_Tree_const_iterator@V?$_Tree_val@U?$_Tree_simple_types@U?$pair@$$CBGV?$basic_string@_WU?$char_traits@_W@std@@V?$allocator@_W@2@@std@@@std@@@std@@@std@@@2@@Z 0000000180004600 f i disp.obj
 0001:00003600       ?_Extract@?$_Tree_val@U?$_Tree_simple_types@U?$pair@$$CBV?$basic_string@_WU?$char_traits@_W@std@@V?$allocator@_W@2@@std@@V?$shared_ptr@Uname_t@DispObjectImpl@@@2@@std@@@std@@@std@@QEAAPEAU?$_Tree_node@U?$pair@$$CBV?$basic_string@_WU?$char_traits@_W@std@@V?$allocator@_W@2@@std@@V?$shared_ptr@Uname_t@DispObjectImpl@@@2@@std@@PEAX@2@V?$_Tree_const_iterator@V?$_Tree_val@U?$_Tree_simple_types@U?$pair@$$CBV?$basic_string@_WU?$char_traits@_W@std@@V?$allocator@_W@2@@std@@V?$shared_ptr@Uname_t@DispObjectImpl@@@2@@std@@@std@@@std@@@2@@Z 0000000180004600 f i utils.obj
 0001:00003600       ?_Extract@?$_Tree_val@U?$_Tree_simple_types@U?$pair@$$CBJV?$shared_ptr@Utype_t@DispInfo@@@std@@@std@@@std@@@std@@QEAAPEAU?$_Tree_node@U?$pair@$$CBJV?$shared_ptr@Utype_t@DispInfo@@@std@@@std@@PEAX@2@V?$_Tree_const_iterator@V?$_Tree_val@U?$_Tree_simple_types@U?$pair@$$CBJV?$shared_ptr@Utype_t@DispInfo@@@std@@@std@@@std@@@std@@@2@@Z 0000000180004600 f i utils.obj
 0001:00003600       ?_Extract@?$_Tree_val@U?$_Tree_simple_types@U?$pair@$$CBJV?$shared_ptr@Uname_t@DispObjectImpl@@@std@@@std@@@std@@@std@@QEAAPEAU?$_Tree_node@U?$pair@$$CBJV?$shared_ptr@Uname_t@DispObjectImpl@@@std@@@std@@PEAX@2@V?$_Tree_const_iterator@V?$_Tree_val@U?$_Tree_simple_types@U?$pair@$$CBJV?$shared_ptr@Uname_t@DispObjectImpl@@@std@@@std@@@std@@@std@@@2@@Z 0000000180004600 f i utils.obj
 0001:00003600       ?_Extract@?$_Tree_val@U?$_Tree_simple_types@U?$pair@$$CBV?$basic_string@_WU?$char_traits@_W@std@@V?$allocator@_W@2@@std@@G@std@@@std@@@std@@QEAAPEAU?$_Tree_node@U?$pair@$$CBV?$basic_string@_WU?$char_traits@_W@std@@V?$allocator@_W@2@@std@@G@std@@PEAX@2@V?$_Tree_const_iterator@V?$_Tree_val@U?$_Tree_simple_types@U?$pair@$$CBV?$basic_string@_WU?$char_traits@_W@std@@V?$allocator@_W@2@@std@@G@std@@@std@@@std@@@2@@Z 0000000180004600 f i disp.obj
 0001:00003aa0       ?_Erase@?$_Tree@V?$_Tmap_traits@JV?$shared_ptr@Uname_t@DispObjectImpl@@@std@@U?$less@J@2@V?$allocator@U?$pair@$$CBJV?$shared_ptr@Uname_t@DispObjectImpl@@@std@@@std@@@2@$0A@@std@@@std@@IEAAXPEAU?$_Tree_node@U?$pair@$$CBJV?$shared_ptr@Uname_t@DispObjectImpl@@@std@@@std@@PEAX@2@@Z 0000000180004aa0 f i utils.obj
 0001:00003aa0       ?_Erase@?$_Tree@V?$_Tmap_traits@JV?$shared_ptr@Utype_t@DispInfo@@@std@@U?$less@J@2@V?$allocator@U?$pair@$$CBJV?$shared_ptr@Utype_t@DispInfo@@@std@@@std@@@2@$0A@@std@@@std@@IEAAXPEAU?$_Tree_node@U?$pair@$$CBJV?$shared_ptr@Utype_t@DispInfo@@@std@@@std@@PEAX@2@@Z 0000000180004aa0 f i utils.obj
 0001:00003b40       ?_Erase@?$_Tree@V?$_Tmap_traits@V?$basic_string@_WU?$char_traits@_W@std@@V?$allocator@_W@2@@std@@V?$shared_ptr@Uname_t@DispObjectImpl@@@2@U?$less@V?$basic_string@_WU?$char_traits@_W@std@@V?$allocator@_W@2@@std@@@2@V?$allocator@U?$pair@$$CBV?$basic_string@_WU?$char_traits@_W@std@@V?$allocator@_W@2@@std@@V?$shared_ptr@Uname_t@DispObjectImpl@@@2@@std@@@2@$0A@@std@@@std@@IEAAXPEAU?$_Tree_node@U?$pair@$$CBV?$basic_string@_WU?$char_traits@_W@std@@V?$allocator@_W@2@@std@@V?$shared_ptr@Uname_t@DispObjectImpl@@@2@@std@@PEAX@2@@Z 0000000180004b40 f i utils.obj
 0001:00003ba0       ??$Unwrap@VVariantObject@@@ObjectWrap@node@@SAPEAVVariantObject@@V?$Local@VObject@v8@@@v8@@@Z 0000000180004ba0 f i utils.obj
 0001:00003ba0       ??$Unwrap@VDispObject@@@ObjectWrap@node@@SAPEAVDispObject@@V?$Local@VObject@v8@@@v8@@@Z 0000000180004ba0 f i utils.obj
 0001:00003c30       ??$sprintf_s@$0BAA@@@YAHAEAY0BAA@DPEBDZZ 0000000180004c30 f i utils.obj
 0001:00003c90       ??$Variant2Int@K@@YAKAEBUtagVARIANT@@K@Z 0000000180004c90 f i utils.obj
 0001:00003e40       ??$Variant2Int@J@@YAJAEBUtagVARIANT@@J@Z 0000000180004e40 f i utils.obj
 0001:00003ff0       ??$_Resize@V<lambda_523b12ee977add878291bcc688573a79>@@@?$vector@V?$Local@VValue@v8@@@v8@@V?$allocator@V?$Local@VValue@v8@@@v8@@@std@@@std@@AEAAX_KV<lambda_523b12ee977add878291bcc688573a79>@@@Z 0000000180004ff0 f i utils.obj
 0001:000041c0       ??1?$pair@$$CBV?$basic_string@_WU?$char_traits@_W@std@@V?$allocator@_W@2@@std@@V?$shared_ptr@Uname_t@DispObjectImpl@@@2@@std@@QEAA@XZ 00000001800051c0 f i utils.obj
 0001:00004270       ?_Xlength@?$vector@V?$Local@VValue@v8@@@v8@@V?$allocator@V?$Local@VValue@v8@@@v8@@@std@@@std@@CAXXZ 0000000180005270 f i utils.obj
 0001:00004270       ?_Xlength@?$vector@VCComVariant@@V?$allocator@VCComVariant@@@std@@@std@@CAXXZ 0000000180005270 f i disp.obj
 0001:00004290       ?_Xlen@?$basic_string@_WU?$char_traits@_W@std@@V?$allocator@_W@2@@std@@SAXXZ 0000000180005290 f i utils.obj
 0001:000042b0       ??$_Try_emplace@AEBV?$basic_string@_WU?$char_traits@_W@std@@V?$allocator@_W@2@@std@@$$V@?$map@V?$basic_string@_WU?$char_traits@_W@std@@V?$allocator@_W@2@@std@@V?$shared_ptr@Uname_t@DispObjectImpl@@@2@U?$less@V?$basic_string@_WU?$char_traits@_W@std@@V?$allocator@_W@2@@std@@@2@V?$allocator@U?$pair@$$CBV?$basic_string@_WU?$char_traits@_W@std@@V?$allocator@_W@2@@std@@V?$shared_ptr@Uname_t@DispObjectImpl@@@2@@std@@@2@@std@@QEAA?AU?$pair@V?$_Tree_iterator@V?$_Tree_val@U?$_Tree_simple_types@U?$pair@$$CBV?$basic_string@_WU?$char_traits@_W@std@@V?$allocator@_W@2@@std@@V?$shared_ptr@Uname_t@DispObjectImpl@@@2@@std@@@std@@@std@@@std@@_N@1@AEBV?$basic_string@_WU?$char_traits@_W@std@@V?$allocator@_W@2@@1@@Z 00000001800052b0 f i utils.obj
 0001:00004440       ??_GDispInfo@@QEAAPEAXI@Z  0000000180005440 f i utils.obj
 0001:00004520       ?_Delete_this@?$_Ref_count@Uname_t@DispObjectImpl@@@std@@EEAAXXZ 0000000180005520 f i utils.obj
 0001:00004520       ?_Delete_this@?$_Ref_count@Utype_t@DispInfo@@@std@@EEAAXXZ 0000000180005520 f i utils.obj
 0001:00004520       ?_Delete_this@?$_Ref_count@VDispInfo@@@std@@EEAAXXZ 0000000180005520 f i utils.obj
 0001:00004540       ?_Destroy@?$_Ref_count@VDispInfo@@@std@@EEAAXXZ 0000000180005540 f i utils.obj
 0001:00004550       ??_E?$_Ref_count@Utype_t@DispInfo@@@std@@UEAAPEAXI@Z 0000000180005550 f i * CIL library *:* CIL module *
 0001:00004550       ??_G?$_Ref_count@Utype_t@DispInfo@@@std@@UEAAPEAXI@Z 0000000180005550 f i utils.obj
 0001:00004550       ??_E?$_Ref_count@Uname_t@DispObjectImpl@@@std@@UEAAPEAXI@Z 0000000180005550 f i * CIL library *:* CIL module *
 0001:00004550       ??_G?$_Ref_count@VDispInfo@@@std@@UEAAPEAXI@Z 0000000180005550 f i utils.obj
 0001:00004550       ??_E?$_Ref_count@VDispInfo@@@std@@UEAAPEAXI@Z 0000000180005550 f i * CIL library *:* CIL module *
 0001:00004550       ??_G?$_Ref_count@Uname_t@DispObjectImpl@@@std@@UEAAPEAXI@Z 0000000180005550 f i utils.obj
 0001:00004580       ??$_Insert_at@U?$pair@$$CBJV?$shared_ptr@Uname_t@DispObjectImpl@@@std@@@std@@U_Not_a_node_tag@2@@?$_Tree@V?$_Tmap_traits@JV?$shared_ptr@Uname_t@DispObjectImpl@@@std@@U?$less@J@2@V?$allocator@U?$pair@$$CBJV?$shared_ptr@Uname_t@DispObjectImpl@@@std@@@std@@@2@$0A@@std@@@std@@IEAA?AV?$_Tree_iterator@V?$_Tree_val@U?$_Tree_simple_types@U?$pair@$$CBJV?$shared_ptr@Uname_t@DispObjectImpl@@@std@@@std@@@std@@@std@@@1@_NPEAU?$_Tree_node@U?$pair@$$CBJV?$shared_ptr@Uname_t@DispObjectImpl@@@std@@@std@@PEAX@1@$$QEAU?$pair@$$CBJV?$shared_ptr@Uname_t@DispObjectImpl@@@std@@@1@U_Not_a_node_tag@1@@Z 0000000180005580 f i utils.obj
 0001:00004880       ??_Gname_t@DispObjectImpl@@QEAAPEAXI@Z 0000000180005880 f i utils.obj
 0001:00004900       ?_Destroy@?$_Ref_count@Uname_t@DispObjectImpl@@@std@@EEAAXXZ 0000000180005900 f i utils.obj
 0001:00004910       ?_Destroy@?$_Ref_count@Utype_t@DispInfo@@@std@@EEAAXXZ 0000000180005910 f i utils.obj
 0001:00004920       ??$_Insert_hint@AEAU?$pair@$$CBJV?$shared_ptr@Utype_t@DispInfo@@@std@@@std@@PEAU?$_Tree_node@U?$pair@$$CBJV?$shared_ptr@Utype_t@DispInfo@@@std@@@std@@PEAX@2@@?$_Tree@V?$_Tmap_traits@JV?$shared_ptr@Utype_t@DispInfo@@@std@@U?$less@J@2@V?$allocator@U?$pair@$$CBJV?$shared_ptr@Utype_t@DispInfo@@@std@@@std@@@2@$0A@@std@@@std@@IEAA?AV?$_Tree_iterator@V?$_Tree_val@U?$_Tree_simple_types@U?$pair@$$CBJV?$shared_ptr@Utype_t@DispInfo@@@std@@@std@@@std@@@std@@@1@V?$_Tree_const_iterator@V?$_Tree_val@U?$_Tree_simple_types@U?$pair@$$CBJV?$shared_ptr@Utype_t@DispInfo@@@std@@@std@@@std@@@std@@@1@AEAU?$pair@$$CBJV?$shared_ptr@Utype_t@DispInfo@@@std@@@1@PEAU?$_Tree_node@U?$pair@$$CBJV?$shared_ptr@Utype_t@DispInfo@@@std@@@std@@PEAX@1@@Z 0000000180005920 f i utils.obj
 0001:00004c40       ??$_Insert_hint@AEAU?$pair@$$CBV?$basic_string@_WU?$char_traits@_W@std@@V?$allocator@_W@2@@std@@V?$shared_ptr@Uname_t@DispObjectImpl@@@2@@std@@PEAU?$_Tree_node@U?$pair@$$CBV?$basic_string@_WU?$char_traits@_W@std@@V?$allocator@_W@2@@std@@V?$shared_ptr@Uname_t@DispObjectImpl@@@2@@std@@PEAX@2@@?$_Tree@V?$_Tmap_traits@V?$basic_string@_WU?$char_traits@_W@std@@V?$allocator@_W@2@@std@@V?$shared_ptr@Uname_t@DispObjectImpl@@@2@U?$less@V?$basic_string@_WU?$char_traits@_W@std@@V?$allocator@_W@2@@std@@@2@V?$allocator@U?$pair@$$CBV?$basic_string@_WU?$char_traits@_W@std@@V?$allocator@_W@2@@std@@V?$shared_ptr@Uname_t@DispObjectImpl@@@2@@std@@@2@$0A@@std@@@std@@IEAA?AV?$_Tree_iterator@V?$_Tree_val@U?$_Tree_simple_types@U?$pair@$$CBV?$basic_string@_WU?$char_traits@_W@std@@V?$allocator@_W@2@@std@@V?$shared_ptr@Uname_t@DispObjectImpl@@@2@@std@@@std@@@std@@@1@V?$_Tree_const_iterator@V?$_Tree_val@U?$_Tree_simple_types@U?$pair@$$CBV?$basic_string@_WU?$char_traits@_W@std@@V?$allocator@_W@2@@std@@V?$shared_ptr@Uname_t@DispObjectImpl@@@2@@std@@@std@@@std@@@1@AEAU?$pair@$$CBV?$basic_string@_WU?$char_traits@_W@std@@V?$allocator@_W@2@@std@@V?$shared_ptr@Uname_t@DispObjectImpl@@@2@@1@PEAU?$_Tree_node@U?$pair@$$CBV?$basic_string@_WU?$char_traits@_W@std@@V?$allocator@_W@2@@std@@V?$shared_ptr@Uname_t@DispObjectImpl@@@2@@std@@PEAX@1@@Z 0000000180005c40 f i utils.obj
 0001:00005070       ?_Destroy_if_node@?$_Tree@V?$_Tmap_traits@JV?$shared_ptr@Uname_t@DispObjectImpl@@@std@@U?$less@J@2@V?$allocator@U?$pair@$$CBJV?$shared_ptr@Uname_t@DispObjectImpl@@@std@@@std@@@2@$0A@@std@@@std@@IEAAXPEAU?$_Tree_node@U?$pair@$$CBJV?$shared_ptr@Uname_t@DispObjectImpl@@@std@@@std@@PEAX@2@@Z 0000000180006070 f i disp.obj
 0001:00005070       ?_Destroy_if_node@?$_Tree@V?$_Tmap_traits@JV?$shared_ptr@Utype_t@DispInfo@@@std@@U?$less@J@2@V?$allocator@U?$pair@$$CBJV?$shared_ptr@Utype_t@DispInfo@@@std@@@std@@@2@$0A@@std@@@std@@IEAAXPEAU?$_Tree_node@U?$pair@$$CBJV?$shared_ptr@Utype_t@DispInfo@@@std@@@std@@PEAX@2@@Z 0000000180006070 f i utils.obj
 0001:000050e0       ?_Destroy_if_node@?$_Tree@V?$_Tmap_traits@V?$basic_string@_WU?$char_traits@_W@std@@V?$allocator@_W@2@@std@@V?$shared_ptr@Uname_t@DispObjectImpl@@@2@U?$less@V?$basic_string@_WU?$char_traits@_W@std@@V?$allocator@_W@2@@std@@@2@V?$allocator@U?$pair@$$CBV?$basic_string@_WU?$char_traits@_W@std@@V?$allocator@_W@2@@std@@V?$shared_ptr@Uname_t@DispObjectImpl@@@2@@std@@@2@$0A@@std@@@std@@IEAAXPEAU?$_Tree_node@U?$pair@$$CBV?$basic_string@_WU?$char_traits@_W@std@@V?$allocator@_W@2@@std@@V?$shared_ptr@Uname_t@DispObjectImpl@@@2@@std@@PEAX@2@@Z 00000001800060e0 f i utils.obj
 0001:00005110       ??$_Insert_at@AEAU?$pair@$$CBJV?$shared_ptr@Uname_t@DispObjectImpl@@@std@@@std@@PEAU?$_Tree_node@U?$pair@$$CBJV?$shared_ptr@Uname_t@DispObjectImpl@@@std@@@std@@PEAX@2@@?$_Tree@V?$_Tmap_traits@JV?$shared_ptr@Uname_t@DispObjectImpl@@@std@@U?$less@J@2@V?$allocator@U?$pair@$$CBJV?$shared_ptr@Uname_t@DispObjectImpl@@@std@@@std@@@2@$0A@@std@@@std@@IEAA?AV?$_Tree_iterator@V?$_Tree_val@U?$_Tree_simple_types@U?$pair@$$CBJV?$shared_ptr@Uname_t@DispObjectImpl@@@std@@@std@@@std@@@std@@@1@_NPEAU?$_Tree_node@U?$pair@$$CBJV?$shared_ptr@Uname_t@DispObjectImpl@@@std@@@std@@PEAX@1@AEAU?$pair@$$CBJV?$shared_ptr@Uname_t@DispObjectImpl@@@std@@@1@1@Z 0000000180006110 f i disp.obj
 0001:00005110       ??$_Insert_at@AEAU?$pair@$$CBJV?$shared_ptr@Utype_t@DispInfo@@@std@@@std@@PEAU?$_Tree_node@U?$pair@$$CBJV?$shared_ptr@Utype_t@DispInfo@@@std@@@std@@PEAX@2@@?$_Tree@V?$_Tmap_traits@JV?$shared_ptr@Utype_t@DispInfo@@@std@@U?$less@J@2@V?$allocator@U?$pair@$$CBJV?$shared_ptr@Utype_t@DispInfo@@@std@@@std@@@2@$0A@@std@@@std@@IEAA?AV?$_Tree_iterator@V?$_Tree_val@U?$_Tree_simple_types@U?$pair@$$CBJV?$shared_ptr@Utype_t@DispInfo@@@std@@@std@@@std@@@std@@@1@_NPEAU?$_Tree_node@U?$pair@$$CBJV?$shared_ptr@Utype_t@DispInfo@@@std@@@std@@PEAX@1@AEAU?$pair@$$CBJV?$shared_ptr@Utype_t@DispInfo@@@std@@@1@1@Z 0000000180006110 f i utils.obj
 0001:000053c0       ??$_Insert_at@AEAU?$pair@$$CBV?$basic_string@_WU?$char_traits@_W@std@@V?$allocator@_W@2@@std@@V?$shared_ptr@Uname_t@DispObjectImpl@@@2@@std@@PEAU?$_Tree_node@U?$pair@$$CBV?$basic_string@_WU?$char_traits@_W@std@@V?$allocator@_W@2@@std@@V?$shared_ptr@Uname_t@DispObjectImpl@@@2@@std@@PEAX@2@@?$_Tree@V?$_Tmap_traits@V?$basic_string@_WU?$char_traits@_W@std@@V?$allocator@_W@2@@std@@V?$shared_ptr@Uname_t@DispObjectImpl@@@2@U?$less@V?$basic_string@_WU?$char_traits@_W@std@@V?$allocator@_W@2@@std@@@2@V?$allocator@U?$pair@$$CBV?$basic_string@_WU?$char_traits@_W@std@@V?$allocator@_W@2@@std@@V?$shared_ptr@Uname_t@DispObjectImpl@@@2@@std@@@2@$0A@@std@@@std@@IEAA?AV?$_Tree_iterator@V?$_Tree_val@U?$_Tree_simple_types@U?$pair@$$CBV?$basic_string@_WU?$char_traits@_W@std@@V?$allocator@_W@2@@std@@V?$shared_ptr@Uname_t@DispObjectImpl@@@2@@std@@@std@@@std@@@1@_NPEAU?$_Tree_node@U?$pair@$$CBV?$basic_string@_WU?$char_traits@_W@std@@V?$allocator@_W@2@@std@@V?$shared_ptr@Uname_t@DispObjectImpl@@@2@@std@@PEAX@1@AEAU?$pair@$$CBV?$basic_string@_WU?$char_traits@_W@std@@V?$allocator@_W@2@@std@@V?$shared_ptr@Uname_t@DispObjectImpl@@@2@@1@1@Z 00000001800063c0 f i utils.obj
 0001:00005670       ??$_Insert_nohint@AEAU?$pair@$$CBV?$basic_string@_WU?$char_traits@_W@std@@V?$allocator@_W@2@@std@@V?$shared_ptr@Uname_t@DispObjectImpl@@@2@@std@@PEAU?$_Tree_node@U?$pair@$$CBV?$basic_string@_WU?$char_traits@_W@std@@V?$allocator@_W@2@@std@@V?$shared_ptr@Uname_t@DispObjectImpl@@@2@@std@@PEAX@2@@?$_Tree@V?$_Tmap_traits@V?$basic_string@_WU?$char_traits@_W@std@@V?$allocator@_W@2@@std@@V?$shared_ptr@Uname_t@DispObjectImpl@@@2@U?$less@V?$basic_string@_WU?$char_traits@_W@std@@V?$allocator@_W@2@@std@@@2@V?$allocator@U?$pair@$$CBV?$basic_string@_WU?$char_traits@_W@std@@V?$allocator@_W@2@@std@@V?$shared_ptr@Uname_t@DispObjectImpl@@@2@@std@@@2@$0A@@std@@@std@@IEAA?AU?$pair@V?$_Tree_iterator@V?$_Tree_val@U?$_Tree_simple_types@U?$pair@$$CBV?$basic_string@_WU?$char_traits@_W@std@@V?$allocator@_W@2@@std@@V?$shared_ptr@Uname_t@DispObjectImpl@@@2@@std@@@std@@@std@@@std@@_N@1@_NAEAU?$pair@$$CBV?$basic_string@_WU?$char_traits@_W@std@@V?$allocator@_W@2@@std@@V?$shared_ptr@Uname_t@DispObjectImpl@@@2@@1@PEAU?$_Tree_node@U?$pair@$$CBV?$basic_string@_WU?$char_traits@_W@std@@V?$allocator@_W@2@@std@@V?$shared_ptr@Uname_t@DispObjectImpl@@@2@@std@@PEAX@1@@Z 0000000180006670 f i utils.obj
 0001:000058a0       ?NODE_SET_PROTOTYPE_METHOD@node@@YAXV?$Local@VFunctionTemplate@v8@@@v8@@PEBDP6AXAEBV?$FunctionCallbackInfo@VValue@v8@@@3@@Z@Z 00000001800068a0 f i disp.obj
 0001:000059a0       ?Wrap@ObjectWrap@node@@IEAAXV?$Local@VObject@v8@@@v8@@@Z 00000001800069a0 f i disp.obj
 0001:00005a70       ?Ref@ObjectWrap@node@@MEAAXXZ 0000000180006a70 f i disp.obj
 0001:00005ab0       ?Unref@ObjectWrap@node@@MEAAXXZ 0000000180006ab0 f i disp.obj
 0001:00005b60       ?WeakCallback@ObjectWrap@node@@CAXAEBV?$WeakCallbackInfo@VObjectWrap@node@@@v8@@@Z 0000000180006b60 f i disp.obj
 0001:00005bc0       ??_EObjectWrap@node@@UEAAPEAXI@Z 0000000180006bc0 f i * CIL library *:* CIL module *
 0001:00005bc0       ??_GObjectWrap@node@@UEAAPEAXI@Z 0000000180006bc0 f i disp.obj
 0001:00005c50       ?Win32Error@@YA?AV?$Local@VValue@v8@@@v8@@PEAVIsolate@2@JPEB_W1@Z 0000000180006c50 f i disp.obj
 0001:00005d70       ?DispError@@YA?AV?$Local@VValue@v8@@@v8@@PEAVIsolate@2@JPEB_W1PEAUtagEXCEPINFO@@@Z 0000000180006d70 f i disp.obj
 0001:00006080       ?v8val2bool@@YA_NPEAVIsolate@v8@@AEBV?$Local@VValue@v8@@@2@_N@Z 0000000180007080 f i disp.obj
 0001:00006190       ?GetProperty@DispInfo@@QEAAJJJPEAUtagVARIANT@@PEAUtagEXCEPINFO@@@Z 0000000180007190 f i disp.obj
 0001:00006240       ??_EVariantObject@@UEAAPEAXI@Z 0000000180007240 f i * CIL library *:* CIL module *
 0001:00006240       ??_GVariantObject@@UEAAPEAXI@Z 0000000180007240 f i disp.obj
 0001:000062f0       ??_EConnectionPointObject@@UEAAPEAXI@Z 00000001800072f0 f i * CIL library *:* CIL module *
 0001:000062f0       ??_GConnectionPointObject@@UEAAPEAXI@Z 00000001800072f0 f i disp.obj
 0001:000063d0       ??0DispObject@@QEAA@AEBV?$shared_ptr@VDispInfo@@@std@@AEBV?$basic_string@_WU?$char_traits@_W@std@@V?$allocator@_W@2@@2@JJH@Z 00000001800073d0 f   disp.obj
 0001:00006470       ??_GDispObject@@UEAAPEAXI@Z 0000000180007470 f i disp.obj
 0001:00006470       ??_EDispObject@@UEAAPEAXI@Z 0000000180007470 f i * CIL library *:* CIL module *
 0001:000065b0       ?prepare@DispObject@@AEAAJXZ 00000001800075b0 f   disp.obj
 0001:00006800       ?get@DispObject@@IEAA_NPEA_WJAEBV?$PropertyCallbackInfo@VValue@v8@@@v8@@@Z 0000000180007800 f   disp.obj
 0001:00007250       ?set@DispObject@@IEAA_NPEA_WJAEBV?$Local@VValue@v8@@@v8@@AEBV?$PropertyCallbackInfo@VValue@v8@@@3@@Z 0000000180008250 f   disp.obj
 0001:00007a20       ?call@DispObject@@IEAAXPEAVIsolate@v8@@AEBV?$FunctionCallbackInfo@VValue@v8@@@3@@Z 0000000180008a20 f   disp.obj
 0001:000080f0       ?valueOf@DispObject@@IEAAJPEAVIsolate@v8@@AEAUtagVARIANT@@_N@Z 00000001800090f0 f   disp.obj
 0001:00008220       ?valueOf@DispObject@@IEAAJPEAVIsolate@v8@@AEBV?$Local@VObject@v8@@@3@AEAV?$Local@VValue@v8@@@3@@Z 0000000180009220 f   disp.obj
 0001:00008350       ?getIdentity@DispObject@@IEAA?AV?$Local@VValue@v8@@@v8@@PEAVIsolate@3@@Z 0000000180009350 f   disp.obj
 0001:000088e0       ?NodeInit@DispObject@@SAXAEBV?$Local@VObject@v8@@@v8@@@Z 00000001800098e0 f   disp.obj
 0001:00008e80       ?NodeCreate@DispObject@@CAXAEBV?$FunctionCallbackInfo@VValue@v8@@@v8@@@Z 0000000180009e80 f   disp.obj
 0001:000095b0       ?NodeGet@DispObject@@CAXV?$Local@VName@v8@@@v8@@AEBV?$PropertyCallbackInfo@VValue@v8@@@3@@Z 000000018000a5b0 f   disp.obj
 0001:000099b0       ?NodeGetByIndex@DispObject@@CAXIAEBV?$PropertyCallbackInfo@VValue@v8@@@v8@@@Z 000000018000a9b0 f   disp.obj
 0001:00009a40       ?NodeSet@DispObject@@CAXV?$Local@VName@v8@@@v8@@V?$Local@VValue@v8@@@3@AEBV?$PropertyCallbackInfo@VValue@v8@@@3@@Z 000000018000aa40 f   disp.obj
 0001:00009b30       ?NodeSetByIndex@DispObject@@CAXIV?$Local@VValue@v8@@@v8@@AEBV?$PropertyCallbackInfo@VValue@v8@@@3@@Z 000000018000ab30 f   disp.obj
 0001:00009bd0       ?NodeCall@DispObject@@CAXAEBV?$FunctionCallbackInfo@VValue@v8@@@v8@@@Z 000000018000abd0 f   disp.obj
 0001:00009c70       ?NodeValueOf@DispObject@@CAXAEBV?$FunctionCallbackInfo@VValue@v8@@@v8@@@Z 000000018000ac70 f   disp.obj
 0001:00009d80       ?NodeToString@DispObject@@CAXAEBV?$FunctionCallbackInfo@VValue@v8@@@v8@@@Z 000000018000ad80 f   disp.obj
 0001:00009f40       ?NodeRelease@DispObject@@CAXAEBV?$FunctionCallbackInfo@VValue@v8@@@v8@@@Z 000000018000af40 f   disp.obj
 0001:0000a040       ?NodeCast@DispObject@@CAXAEBV?$FunctionCallbackInfo@VValue@v8@@@v8@@@Z 000000018000b040 f   disp.obj
 0001:0000a0f0       ?NodeConnectionPoints@DispObject@@CAXAEBV?$FunctionCallbackInfo@VValue@v8@@@v8@@@Z 000000018000b0f0 f   disp.obj
 0001:0000a3b0       ?PeakAndDispatchMessages@DispObject@@CAXAEBV?$FunctionCallbackInfo@VValue@v8@@@v8@@@Z 000000018000b3b0 f   disp.obj
 0001:0000a410       ?assign@VariantObject@@AEAA_NPEAVIsolate@v8@@AEAV?$Local@VValue@v8@@@3@1@Z 000000018000b410 f   disp.obj
 0001:0000a7f0       ??0VariantObject@@QEAA@AEBV?$FunctionCallbackInfo@VValue@v8@@@v8@@@Z 000000018000b7f0 f   disp.obj
 0001:0000a880       ?NodeInit@VariantObject@@SAXAEBV?$Local@VObject@v8@@@v8@@@Z 000000018000b880 f   disp.obj
 0001:0000aba0       ?NodeCreate@VariantObject@@SAXAEBV?$FunctionCallbackInfo@VValue@v8@@@v8@@@Z 000000018000bba0 f   disp.obj
 0001:0000ac10       ?NodeClear@VariantObject@@SAXAEBV?$FunctionCallbackInfo@VValue@v8@@@v8@@@Z 000000018000bc10 f   disp.obj
 0001:0000acc0       ?NodeAssign@VariantObject@@SAXAEBV?$FunctionCallbackInfo@VValue@v8@@@v8@@@Z 000000018000bcc0 f   disp.obj
 0001:0000ad90       ?NodeCast@VariantObject@@SAXAEBV?$FunctionCallbackInfo@VValue@v8@@@v8@@@Z 000000018000bd90 f   disp.obj
 0001:0000ae50       ?NodeValueOf@VariantObject@@SAXAEBV?$FunctionCallbackInfo@VValue@v8@@@v8@@@Z 000000018000be50 f   disp.obj
 0001:0000af10       ?NodeToString@VariantObject@@SAXAEBV?$FunctionCallbackInfo@VValue@v8@@@v8@@@Z 000000018000bf10 f   disp.obj
 0001:0000afc0       ?NodeGet@VariantObject@@SAXV?$Local@VName@v8@@@v8@@AEBV?$PropertyCallbackInfo@VValue@v8@@@3@@Z 000000018000bfc0 f   disp.obj
 0001:0000b660       ?NodeGetByIndex@VariantObject@@SAXIAEBV?$PropertyCallbackInfo@VValue@v8@@@v8@@@Z 000000018000c660 f   disp.obj
 0001:0000b810       ?NodeSet@VariantObject@@SAXV?$Local@VName@v8@@@v8@@V?$Local@VValue@v8@@@3@AEBV?$PropertyCallbackInfo@VValue@v8@@@3@@Z 000000018000c810 f   disp.obj
 0001:0000b810       ?NodeSetByIndex@VariantObject@@SAXIV?$Local@VValue@v8@@@v8@@AEBV?$PropertyCallbackInfo@VValue@v8@@@3@@Z 000000018000c810 f   disp.obj
 0001:0000b8c0       ?InitIndex@ConnectionPointObject@@AEAA_NXZ 000000018000c8c0 f   disp.obj
 0001:0000bc50       ?NodeCreate@ConnectionPointObject@@SAXAEBV?$FunctionCallbackInfo@VValue@v8@@@v8@@@Z 000000018000cc50 f   disp.obj
 0001:0000bcf0       ?NodeAdvise@ConnectionPointObject@@SAXAEBV?$FunctionCallbackInfo@VValue@v8@@@v8@@@Z 000000018000ccf0 f   disp.obj
 0001:0000c0d0       ?insert@?$basic_string@_WU?$char_traits@_W@std@@V?$allocator@_W@2@@std@@QEAAAEAV12@_KQEB_W0@Z 000000018000d0d0 f i disp.obj
 0001:0000c1d0       ?erase@?$_Tree@V?$_Tmap_traits@GV?$basic_string@_WU?$char_traits@_W@std@@V?$allocator@_W@2@@std@@U?$less@G@2@V?$allocator@U?$pair@$$CBGV?$basic_string@_WU?$char_traits@_W@std@@V?$allocator@_W@2@@std@@@std@@@2@$0A@@std@@@std@@QEAA?AV?$_Tree_iterator@V?$_Tree_val@U?$_Tree_simple_types@U?$pair@$$CBGV?$basic_string@_WU?$char_traits@_W@std@@V?$allocator@_W@2@@std@@@std@@@std@@@std@@@2@V?$_Tree_const_iterator@V?$_Tree_val@U?$_Tree_simple_types@U?$pair@$$CBGV?$basic_string@_WU?$char_traits@_W@std@@V?$allocator@_W@2@@std@@@std@@@std@@@std@@@2@0@Z 000000018000d1d0 f i disp.obj
 0001:0000c370       ?erase@?$_Tree@V?$_Tmap_traits@V?$basic_string@_WU?$char_traits@_W@std@@V?$allocator@_W@2@@std@@GU?$less@V?$basic_string@_WU?$char_traits@_W@std@@V?$allocator@_W@2@@std@@@2@V?$allocator@U?$pair@$$CBV?$basic_string@_WU?$char_traits@_W@std@@V?$allocator@_W@2@@std@@G@std@@@2@$0A@@std@@@std@@QEAA?AV?$_Tree_iterator@V?$_Tree_val@U?$_Tree_simple_types@U?$pair@$$CBV?$basic_string@_WU?$char_traits@_W@std@@V?$allocator@_W@2@@std@@G@std@@@std@@@std@@@2@V?$_Tree_const_iterator@V?$_Tree_val@U?$_Tree_simple_types@U?$pair@$$CBV?$basic_string@_WU?$char_traits@_W@std@@V?$allocator@_W@2@@std@@G@std@@@std@@@std@@@2@0@Z 000000018000d370 f i disp.obj
 0001:0000c540       ?_Erase@?$_Tree@V?$_Tmap_traits@GV?$basic_string@_WU?$char_traits@_W@std@@V?$allocator@_W@2@@std@@U?$less@G@2@V?$allocator@U?$pair@$$CBGV?$basic_string@_WU?$char_traits@_W@std@@V?$allocator@_W@2@@std@@@std@@@2@$0A@@std@@@std@@IEAAXPEAU?$_Tree_node@U?$pair@$$CBGV?$basic_string@_WU?$char_traits@_W@std@@V?$allocator@_W@2@@std@@@std@@PEAX@2@@Z 000000018000d540 f i disp.obj
 0001:0000c600       ?_Erase@?$_Tree@V?$_Tmap_traits@V?$basic_string@_WU?$char_traits@_W@std@@V?$allocator@_W@2@@std@@GU?$less@V?$basic_string@_WU?$char_traits@_W@std@@V?$allocator@_W@2@@std@@@2@V?$allocator@U?$pair@$$CBV?$basic_string@_WU?$char_traits@_W@std@@V?$allocator@_W@2@@std@@G@std@@@2@$0A@@std@@@std@@IEAAXPEAU?$_Tree_node@U?$pair@$$CBV?$basic_string@_WU?$char_traits@_W@std@@V?$allocator@_W@2@@std@@G@std@@PEAX@2@@Z 000000018000d600 f i disp.obj
 0001:0000c6c0       ??$_Resize@V<lambda_b697cc2d25f22d55705fe2f7dd9bc9be>@@@?$vector@VCComVariant@@V?$allocator@VCComVariant@@@std@@@std@@AEAAX_KV<lambda_b697cc2d25f22d55705fe2f7dd9bc9be>@@@Z 000000018000d6c0 f i disp.obj
 0001:0000c8e0       ??$_Emplace_reallocate@VCComVariant@@@?$vector@VCComVariant@@V?$allocator@VCComVariant@@@std@@@std@@QEAAPEAVCComVariant@@QEAV2@$$QEAV2@@Z 000000018000d8e0 f i disp.obj
 0001:0000cb40       ??$_Reallocate_grow_by@V<lambda_19662282d61fd793232134d409f2e084>@@$$V@?$basic_string@_WU?$char_traits@_W@std@@V?$allocator@_W@2@@std@@QEAAAEAV01@_KV<lambda_19662282d61fd793232134d409f2e084>@@@Z 000000018000db40 f i disp.obj
 0001:0000cca0       ??$_Reallocate_grow_by@V<lambda_967c2ed818824c5314a20ec3af46b793>@@_KPEB_W_K@?$basic_string@_WU?$char_traits@_W@std@@V?$allocator@_W@2@@std@@QEAAAEAV01@_KV<lambda_967c2ed818824c5314a20ec3af46b793>@@_KPEB_W2@Z 000000018000dca0 f i disp.obj
 0001:0000ce30       ??$_Reallocate_grow_by@V<lambda_1dfe18491bcca09701d8ccb01d0b0af4>@@PEB_W_K@?$basic_string@_WU?$char_traits@_W@std@@V?$allocator@_W@2@@std@@QEAAAEAV01@_KV<lambda_1dfe18491bcca09701d8ccb01d0b0af4>@@PEB_W_K@Z 000000018000de30 f i disp.obj
 0001:0000cfe0       ?_Change_array@?$vector@VCComVariant@@V?$allocator@VCComVariant@@@std@@@std@@AEAAXQEAVCComVariant@@_K1@Z 000000018000dfe0 f i disp.obj
 0001:0000d0d0       ??$_Insert_nohint@AEAU?$pair@$$CBV?$basic_string@_WU?$char_traits@_W@std@@V?$allocator@_W@2@@std@@G@std@@PEAU?$_Tree_node@U?$pair@$$CBV?$basic_string@_WU?$char_traits@_W@std@@V?$allocator@_W@2@@std@@G@std@@PEAX@2@@?$_Tree@V?$_Tmap_traits@V?$basic_string@_WU?$char_traits@_W@std@@V?$allocator@_W@2@@std@@GU?$less@V?$basic_string@_WU?$char_traits@_W@std@@V?$allocator@_W@2@@std@@@2@V?$allocator@U?$pair@$$CBV?$basic_string@_WU?$char_traits@_W@std@@V?$allocator@_W@2@@std@@G@std@@@2@$0A@@std@@@std@@IEAA?AU?$pair@V?$_Tree_iterator@V?$_Tree_val@U?$_Tree_simple_types@U?$pair@$$CBV?$basic_string@_WU?$char_traits@_W@std@@V?$allocator@_W@2@@std@@G@std@@@std@@@std@@@std@@_N@1@_NAEAU?$pair@$$CBV?$basic_string@_WU?$char_traits@_W@std@@V?$allocator@_W@2@@std@@G@1@PEAU?$_Tree_node@U?$pair@$$CBV?$basic_string@_WU?$char_traits@_W@std@@V?$allocator@_W@2@@std@@G@std@@PEAX@1@@Z 000000018000e0d0 f i disp.obj
 0001:0000d370       ??$_Insert_nohint@AEAU?$pair@$$CBGV?$basic_string@_WU?$char_traits@_W@std@@V?$allocator@_W@2@@std@@@std@@PEAU?$_Tree_node@U?$pair@$$CBGV?$basic_string@_WU?$char_traits@_W@std@@V?$allocator@_W@2@@std@@@std@@PEAX@2@@?$_Tree@V?$_Tmap_traits@GV?$basic_string@_WU?$char_traits@_W@std@@V?$allocator@_W@2@@std@@U?$less@G@2@V?$allocator@U?$pair@$$CBGV?$basic_string@_WU?$char_traits@_W@std@@V?$allocator@_W@2@@std@@@std@@@2@$0A@@std@@@std@@IEAA?AU?$pair@V?$_Tree_iterator@V?$_Tree_val@U?$_Tree_simple_types@U?$pair@$$CBGV?$basic_string@_WU?$char_traits@_W@std@@V?$allocator@_W@2@@std@@@std@@@std@@@std@@@std@@_N@1@_NAEAU?$pair@$$CBGV?$basic_string@_WU?$char_traits@_W@std@@V?$allocator@_W@2@@std@@@1@PEAU?$_Tree_node@U?$pair@$$CBGV?$basic_string@_WU?$char_traits@_W@std@@V?$allocator@_W@2@@std@@@std@@PEAX@1@@Z 000000018000e370 f i disp.obj
 0001:0000d4f0       ??$_Copy_nodes@U_Copy_tag@?$_Tree@V?$_Tmap_traits@JV?$shared_ptr@Uname_t@DispObjectImpl@@@std@@U?$less@J@2@V?$allocator@U?$pair@$$CBJV?$shared_ptr@Uname_t@DispObjectImpl@@@std@@@std@@@2@$0A@@std@@@std@@@?$_Tree@V?$_Tmap_traits@JV?$shared_ptr@Uname_t@DispObjectImpl@@@std@@U?$less@J@2@V?$allocator@U?$pair@$$CBJV?$shared_ptr@Uname_t@DispObjectImpl@@@std@@@std@@@2@$0A@@std@@@std@@IEAAPEAU?$_Tree_node@U?$pair@$$CBJV?$shared_ptr@Uname_t@DispObjectImpl@@@std@@@std@@PEAX@1@PEAU21@0U_Copy_tag@01@@Z 000000018000e4f0 f i disp.obj
 0001:0000d5e0       ?_Destroy_if_node@?$_Tree@V?$_Tmap_traits@GV?$basic_string@_WU?$char_traits@_W@std@@V?$allocator@_W@2@@std@@U?$less@G@2@V?$allocator@U?$pair@$$CBGV?$basic_string@_WU?$char_traits@_W@std@@V?$allocator@_W@2@@std@@@std@@@2@$0A@@std@@@std@@IEAAXPEAU?$_Tree_node@U?$pair@$$CBGV?$basic_string@_WU?$char_traits@_W@std@@V?$allocator@_W@2@@std@@@std@@PEAX@2@@Z 000000018000e5e0 f i disp.obj
 0001:0000d650       ?_Destroy_if_node@?$_Tree@V?$_Tmap_traits@V?$basic_string@_WU?$char_traits@_W@std@@V?$allocator@_W@2@@std@@GU?$less@V?$basic_string@_WU?$char_traits@_W@std@@V?$allocator@_W@2@@std@@@2@V?$allocator@U?$pair@$$CBV?$basic_string@_WU?$char_traits@_W@std@@V?$allocator@_W@2@@std@@G@std@@@2@$0A@@std@@@std@@IEAAXPEAU?$_Tree_node@U?$pair@$$CBV?$basic_string@_WU?$char_traits@_W@std@@V?$allocator@_W@2@@std@@G@std@@PEAX@2@@Z 000000018000e650 f i disp.obj
 0001:0000d6c0       ??$_Insert_at@AEAU?$pair@$$CBV?$basic_string@_WU?$char_traits@_W@std@@V?$allocator@_W@2@@std@@G@std@@PEAU?$_Tree_node@U?$pair@$$CBV?$basic_string@_WU?$char_traits@_W@std@@V?$allocator@_W@2@@std@@G@std@@PEAX@2@@?$_Tree@V?$_Tmap_traits@V?$basic_string@_WU?$char_traits@_W@std@@V?$allocator@_W@2@@std@@GU?$less@V?$basic_string@_WU?$char_traits@_W@std@@V?$allocator@_W@2@@std@@@2@V?$allocator@U?$pair@$$CBV?$basic_string@_WU?$char_traits@_W@std@@V?$allocator@_W@2@@std@@G@std@@@2@$0A@@std@@@std@@IEAA?AV?$_Tree_iterator@V?$_Tree_val@U?$_Tree_simple_types@U?$pair@$$CBV?$basic_string@_WU?$char_traits@_W@std@@V?$allocator@_W@2@@std@@G@std@@@std@@@std@@@1@_NPEAU?$_Tree_node@U?$pair@$$CBV?$basic_string@_WU?$char_traits@_W@std@@V?$allocator@_W@2@@std@@G@std@@PEAX@1@AEAU?$pair@$$CBV?$basic_string@_WU?$char_traits@_W@std@@V?$allocator@_W@2@@std@@G@1@1@Z 000000018000e6c0 f i disp.obj
 0001:0000d990       ??$_Insert_at@AEAU?$pair@$$CBGV?$basic_string@_WU?$char_traits@_W@std@@V?$allocator@_W@2@@std@@@std@@PEAU?$_Tree_node@U?$pair@$$CBGV?$basic_string@_WU?$char_traits@_W@std@@V?$allocator@_W@2@@std@@@std@@PEAX@2@@?$_Tree@V?$_Tmap_traits@GV?$basic_string@_WU?$char_traits@_W@std@@V?$allocator@_W@2@@std@@U?$less@G@2@V?$allocator@U?$pair@$$CBGV?$basic_string@_WU?$char_traits@_W@std@@V?$allocator@_W@2@@std@@@std@@@2@$0A@@std@@@std@@IEAA?AV?$_Tree_iterator@V?$_Tree_val@U?$_Tree_simple_types@U?$pair@$$CBGV?$basic_string@_WU?$char_traits@_W@std@@V?$allocator@_W@2@@std@@@std@@@std@@@std@@@1@_NPEAU?$_Tree_node@U?$pair@$$CBGV?$basic_string@_WU?$char_traits@_W@std@@V?$allocator@_W@2@@std@@@std@@PEAX@1@AEAU?$pair@$$CBGV?$basic_string@_WU?$char_traits@_W@std@@V?$allocator@_W@2@@std@@@1@1@Z 000000018000e990 f i disp.obj
 0001:0000dc40       ??$_Insert_nohint@AEAU?$pair@$$CBJV?$shared_ptr@Uname_t@DispObjectImpl@@@std@@@std@@PEAU?$_Tree_node@U?$pair@$$CBJV?$shared_ptr@Uname_t@DispObjectImpl@@@std@@@std@@PEAX@2@@?$_Tree@V?$_Tmap_traits@JV?$shared_ptr@Uname_t@DispObjectImpl@@@std@@U?$less@J@2@V?$allocator@U?$pair@$$CBJV?$shared_ptr@Uname_t@DispObjectImpl@@@std@@@std@@@2@$0A@@std@@@std@@IEAA?AU?$pair@V?$_Tree_iterator@V?$_Tree_val@U?$_Tree_simple_types@U?$pair@$$CBJV?$shared_ptr@Uname_t@DispObjectImpl@@@std@@@std@@@std@@@std@@@std@@_N@1@_NAEAU?$pair@$$CBJV?$shared_ptr@Uname_t@DispObjectImpl@@@std@@@1@PEAU?$_Tree_node@U?$pair@$$CBJV?$shared_ptr@Uname_t@DispObjectImpl@@@std@@@std@@PEAX@1@@Z 000000018000ec40 f i disp.obj
 0001:0000dde4       __imp_load_node_module_register 000000018000ede4 f   node:node.exe
 0001:0000ddf0       __tailMerge_node_exe       000000018000edf0     node:node.exe
 0001:0000de69       __imp_load_?New@Integer@v8@@SA?AV?$Local@VInteger@v8@@@2@PEAVIsolate@2@H@Z 000000018000ee69 f   node:node.exe
 0001:0000de75       __imp_load_?GetCurrentContext@Isolate@v8@@QEAA?AV?$Local@VContext@v8@@@2@XZ 000000018000ee75 f   node:node.exe
 0001:0000de81       __imp_load_?GetCurrent@Isolate@v8@@SAPEAV12@XZ 000000018000ee81 f   node:node.exe
 0001:0000de8d       __imp_load_?CreateHandle@HandleScope@v8@@KAPEAPEAVObject@internal@2@PEAVIsolate@42@PEAV342@@Z 000000018000ee8d f   node:node.exe
 0001:0000de99       __imp_load_?New@Array@v8@@SA?AV?$Local@VArray@v8@@@2@PEAVIsolate@2@H@Z 000000018000ee99 f   node:node.exe
 0001:0000dea5       __imp_load_?Length@Array@v8@@QEBAIXZ 000000018000eea5 f   node:node.exe
 0001:0000deb1       __imp_load_?New@Date@v8@@SA?AV?$MaybeLocal@VValue@v8@@@2@V?$Local@VContext@v8@@@2@N@Z 000000018000eeb1 f   node:node.exe
 0001:0000debd       __imp_load_?HasInstance@FunctionTemplate@v8@@QEAA_NV?$Local@VValue@v8@@@2@@Z 000000018000eebd f   node:node.exe
 0001:0000dec9       __imp_load_?DisposeGlobal@V8@v8@@CAXPEAPEAVObject@internal@2@@Z 000000018000eec9 f   node:node.exe
 0001:0000ded5       __imp_load_?GlobalizeReference@V8@v8@@CAPEAPEAVObject@internal@2@PEAVIsolate@42@PEAPEAV342@@Z 000000018000eed5 f   node:node.exe
 0001:0000dee1       __imp_load_?Int32Value@Value@v8@@QEBA?AV?$Maybe@H@2@V?$Local@VContext@v8@@@2@@Z 000000018000eee1 f   node:node.exe
 0001:0000deed       __imp_load_?Uint32Value@Value@v8@@QEBA?AV?$Maybe@I@2@V?$Local@VContext@v8@@@2@@Z 000000018000eeed f   node:node.exe
 0001:0000def9       __imp_load_?NumberValue@Value@v8@@QEBA?AV?$Maybe@N@2@V?$Local@VContext@v8@@@2@@Z 000000018000eef9 f   node:node.exe
 0001:0000df05       __imp_load_?BooleanValue@Value@v8@@QEBA?AV?$Maybe@_N@2@V?$Local@VContext@v8@@@2@@Z 000000018000ef05 f   node:node.exe
 0001:0000df11       __imp_load_?IsDate@Value@v8@@QEBA_NXZ 000000018000ef11 f   node:node.exe
 0001:0000df1d       __imp_load_?IsUint32@Value@v8@@QEBA_NXZ 000000018000ef1d f   node:node.exe
 0001:0000df29       __imp_load_?IsInt32@Value@v8@@QEBA_NXZ 000000018000ef29 f   node:node.exe
 0001:0000df35       __imp_load_?IsNumber@Value@v8@@QEBA_NXZ 000000018000ef35 f   node:node.exe
 0001:0000df41       __imp_load_?IsBoolean@Value@v8@@QEBA_NXZ 000000018000ef41 f   node:node.exe
 0001:0000df4d       __imp_load_?IsObject@Value@v8@@QEBA_NXZ 000000018000ef4d f   node:node.exe
 0001:0000df59       __imp_load_?IsArray@Value@v8@@QEBA_NXZ 000000018000ef59 f   node:node.exe
 0001:0000df65       __imp_load_?IsFunction@Value@v8@@QEBA_NXZ 000000018000ef65 f   node:node.exe
 0001:0000df71       __imp_load_??1Value@String@v8@@QEAA@XZ 000000018000ef71 f   node:node.exe
 0001:0000df7d       __imp_load_??0Value@String@v8@@QEAA@PEAVIsolate@2@V?$Local@VValue@v8@@@2@@Z 000000018000ef7d f   node:node.exe
 0001:0000df89       __imp_load_?NewFromTwoByte@String@v8@@SA?AV?$MaybeLocal@VString@v8@@@2@PEAVIsolate@2@PEBGW4NewStringType@2@H@Z 000000018000ef89 f   node:node.exe
 0001:0000df95       __imp_load_?NewFromUtf8@String@v8@@SA?AV?$MaybeLocal@VString@v8@@@2@PEAVIsolate@2@PEBDW4NewStringType@2@H@Z 000000018000ef95 f   node:node.exe
 0001:0000dfa1       __imp_load_?New@Number@v8@@SA?AV?$Local@VNumber@v8@@@2@PEAVIsolate@2@N@Z 000000018000efa1 f   node:node.exe
 0001:0000dfad       __imp_load_?SlowGetAlignedPointerFromInternalField@Object@v8@@AEAAPEAXH@Z 000000018000efad f   node:node.exe
 0001:0000dfb9       __imp_load_?InternalFieldCount@Object@v8@@QEAAHXZ 000000018000efb9 f   node:node.exe
 0001:0000dfc5       __imp_load_?Get@Object@v8@@QEAA?AV?$MaybeLocal@VValue@v8@@@2@V?$Local@VContext@v8@@@2@V?$Local@VValue@v8@@@2@@Z 000000018000efc5 f   node:node.exe
 0001:0000dfd1       __imp_load_?Get@Object@v8@@QEAA?AV?$MaybeLocal@VValue@v8@@@2@V?$Local@VContext@v8@@@2@I@Z 000000018000efd1 f   node:node.exe
 0001:0000dfdd       __imp_load_?Set@Object@v8@@QEAA?AV?$Maybe@_N@2@V?$Local@VContext@v8@@@2@V?$Local@VValue@v8@@@2@1@Z 000000018000efdd f   node:node.exe
 0001:0000dfe9       __imp_load_?Set@Object@v8@@QEAA?AV?$Maybe@_N@2@V?$Local@VContext@v8@@@2@IV?$Local@VValue@v8@@@2@@Z 000000018000efe9 f   node:node.exe
 0001:0000dff5       __imp_load_?Call@Function@v8@@QEAA?AV?$MaybeLocal@VValue@v8@@@2@V?$Local@VContext@v8@@@2@V?$Local@VValue@v8@@@2@HQEAV52@@Z 000000018000eff5 f   node:node.exe
 0001:0000e001       __imp_load_?NewFromUnsigned@Integer@v8@@SA?AV?$Local@VInteger@v8@@@2@PEAVIsolate@2@I@Z 000000018000f001 f   node:node.exe
 0001:0000e00d       __imp_load_?New@Signature@v8@@SA?AV?$Local@VSignature@v8@@@2@PEAVIsolate@2@V?$Local@VFunctionTemplate@v8@@@2@@Z 000000018000f00d f   node:node.exe
 0001:0000e019       __imp_load_?ThrowException@Isolate@v8@@QEAA?AV?$Local@VValue@v8@@@2@V32@@Z 000000018000f019 f   node:node.exe
 0001:0000e025       __imp_load_??1HandleScope@v8@@QEAA@XZ 000000018000f025 f   node:node.exe
 0001:0000e031       __imp_load_??0HandleScope@v8@@QEAA@PEAVIsolate@1@@Z 000000018000f031 f   node:node.exe
 0001:0000e03d       __imp_load_?SetNativeDataProperty@Template@v8@@QEAAXV?$Local@VName@v8@@@2@P6AX0AEBV?$PropertyCallbackInfo@VValue@v8@@@2@@ZP6AX0V?$Local@VValue@v8@@@2@AEBV?$PropertyCallbackInfo@X@2@@Z3W4PropertyAttribute@2@V?$Local@VAccessorSignature@v8@@@2@W4AccessControl@2@@Z 000000018000f03d f   node:node.exe
 0001:0000e049       __imp_load_?Set@Template@v8@@QEAAXV?$Local@VName@v8@@@2@V?$Local@VData@v8@@@2@W4PropertyAttribute@2@@Z 000000018000f049 f   node:node.exe
 0001:0000e055       __imp_load_?Error@Exception@v8@@SA?AV?$Local@VValue@v8@@@2@V?$Local@VString@v8@@@2@@Z 000000018000f055 f   node:node.exe
 0001:0000e061       __imp_load_?TypeError@Exception@v8@@SA?AV?$Local@VValue@v8@@@2@V?$Local@VString@v8@@@2@@Z 000000018000f061 f   node:node.exe
 0001:0000e06d       __imp_load_?SetClassName@FunctionTemplate@v8@@QEAAXV?$Local@VString@v8@@@2@@Z 000000018000f06d f   node:node.exe
 0001:0000e079       __imp_load_?PrototypeTemplate@FunctionTemplate@v8@@QEAA?AV?$Local@VObjectTemplate@v8@@@2@XZ 000000018000f079 f   node:node.exe
 0001:0000e085       __imp_load_?InstanceTemplate@FunctionTemplate@v8@@QEAA?AV?$Local@VObjectTemplate@v8@@@2@XZ 000000018000f085 f   node:node.exe
 0001:0000e091       __imp_load_?GetFunction@FunctionTemplate@v8@@QEAA?AV?$MaybeLocal@VFunction@v8@@@2@V?$Local@VContext@v8@@@2@@Z 000000018000f091 f   node:node.exe
 0001:0000e09d       __imp_load_?New@FunctionTemplate@v8@@SA?AV?$Local@VFunctionTemplate@v8@@@2@PEAVIsolate@2@P6AXAEBV?$FunctionCallbackInfo@VValue@v8@@@2@@ZV?$Local@VValue@v8@@@2@V?$Local@VSignature@v8@@@2@HW4ConstructorBehavior@2@W4SideEffectType@2@@Z 000000018000f09d f   node:node.exe
 0001:0000e0a9       __imp_load_?ToLocalEmpty@V8@v8@@CAXXZ 000000018000f0a9 f   node:node.exe
 0001:0000e0b5       __imp_load_?ClearWeak@V8@v8@@CAPEAXPEAPEAVObject@internal@2@@Z 000000018000f0b5 f   node:node.exe
 0001:0000e0c1       __imp_load_?MakeWeak@V8@v8@@CAXPEAPEAVObject@internal@2@PEAXP6AXAEBV?$WeakCallbackInfo@X@2@@ZW4WeakCallbackType@2@@Z 000000018000f0c1 f   node:node.exe
 0001:0000e0cd       __imp_load_?ToObject@Value@v8@@QEBA?AV?$MaybeLocal@VObject@v8@@@2@V?$Local@VContext@v8@@@2@@Z 000000018000f0cd f   node:node.exe
 0001:0000e0d9       __imp_load_?New@Object@v8@@SA?AV?$Local@VObject@v8@@@2@PEAVIsolate@2@@Z 000000018000f0d9 f   node:node.exe
 0001:0000e0e5       __imp_load_?GetIsolate@Object@v8@@QEAAPEAVIsolate@2@XZ 000000018000f0e5 f   node:node.exe
 0001:0000e0f1       __imp_load_?SetAlignedPointerInInternalField@Object@v8@@QEAAXHPEAX@Z 000000018000f0f1 f   node:node.exe
 0001:0000e0fd       __imp_load_?NewInstance@Function@v8@@QEBA?AV?$MaybeLocal@VObject@v8@@@2@V?$Local@VContext@v8@@@2@HQEAV?$Local@VValue@v8@@@2@@Z 000000018000f0fd f   node:node.exe
 0001:0000e109       __imp_load_?SetInternalFieldCount@ObjectTemplate@v8@@QEAAXH@Z 000000018000f109 f   node:node.exe
 0001:0000e115       __imp_load_?SetCallAsFunctionHandler@ObjectTemplate@v8@@QEAAXP6AXAEBV?$FunctionCallbackInfo@VValue@v8@@@2@@ZV?$Local@VValue@v8@@@2@@Z 000000018000f115 f   node:node.exe
 0001:0000e121       __imp_load_?SetHandler@ObjectTemplate@v8@@QEAAXAEBUNamedPropertyHandlerConfiguration@2@@Z 000000018000f121 f   node:node.exe
 0001:0000e12d       __imp_load_?SetHandler@ObjectTemplate@v8@@QEAAXAEBUIndexedPropertyHandlerConfiguration@2@@Z 000000018000f12d f   node:node.exe
 0001:0000e139       __imp_load_?NewInstance@ObjectTemplate@v8@@QEAA?AV?$MaybeLocal@VObject@v8@@@2@V?$Local@VContext@v8@@@2@@Z 000000018000f139 f   node:node.exe
 0001:0000e148       ??0bad_alloc@std@@QEAA@AEBV01@@Z 000000018000f148 f i libcpmt:xthrow.obj
 0001:0000e188       ??0bad_alloc@std@@QEAA@XZ  000000018000f188 f i libcpmt:xthrow.obj
 0001:0000e1a8       ??0exception@std@@QEAA@AEBV01@@Z 000000018000f1a8 f i libcpmt:xthrow.obj
 0001:0000e1e0       ??0length_error@std@@QEAA@AEBV01@@Z 000000018000f1e0 f i libcpmt:xthrow.obj
 0001:0000e220       ??0length_error@std@@QEAA@PEBD@Z 000000018000f220 f i libcpmt:xthrow.obj
 0001:0000e26c       ??0logic_error@std@@QEAA@AEBV01@@Z 000000018000f26c f i libcpmt:xthrow.obj
 0001:0000e2ac       ??1bad_array_new_length@std@@UEAA@XZ 000000018000f2ac f i LIBCMT:throw_bad_alloc.obj
 0001:0000e2ac       ??1bad_alloc@std@@UEAA@XZ  000000018000f2ac f i libcpmt:xthrow.obj
 0001:0000e2ac       ??1length_error@std@@UEAA@XZ 000000018000f2ac f i libcpmt:xthrow.obj
 0001:0000e2c0       ??_Gbad_alloc@std@@UEAAPEAXI@Z 000000018000f2c0 f i libcpmt:xthrow.obj
 0001:0000e2c0       ??_Glength_error@std@@UEAAPEAXI@Z 000000018000f2c0 f i libcpmt:xthrow.obj
 0001:0000e2c0       ??_Glogic_error@std@@UEAAPEAXI@Z 000000018000f2c0 f i libcpmt:xthrow.obj
 0001:0000e2c0       ??_Ebad_alloc@std@@UEAAPEAXI@Z 000000018000f2c0 f i libcpmt:xthrow.obj
 0001:0000e2c0       ??_Ebad_array_new_length@std@@UEAAPEAXI@Z 000000018000f2c0 f i LIBCMT:throw_bad_alloc.obj
 0001:0000e2c0       ??_Elength_error@std@@UEAAPEAXI@Z 000000018000f2c0 f i libcpmt:xthrow.obj
 0001:0000e2c0       ??_Gbad_array_new_length@std@@UEAAPEAXI@Z 000000018000f2c0 f i LIBCMT:throw_bad_alloc.obj
 0001:0000e2c0       ??_Eexception@std@@UEAAPEAXI@Z 000000018000f2c0 f i libcpmt:xthrow.obj
 0001:0000e2c0       ??_Elogic_error@std@@UEAAPEAXI@Z 000000018000f2c0 f i libcpmt:xthrow.obj
 0001:0000e2c0       ??_Gexception@std@@UEAAPEAXI@Z 000000018000f2c0 f i libcpmt:xthrow.obj
 0001:0000e304       ?_Xlength_error@std@@YAXPEBD@Z 000000018000f304 f   libcpmt:xthrow.obj
 0001:0000e328       ?what@exception@std@@UEBAPEBDXZ 000000018000f328 f i libcpmt:xthrow.obj
 0001:0000e350       __security_check_cookie    000000018000f350 f   LIBCMT:amdsecgs.obj
 0001:0000e374       ??2@YAPEAX_K@Z             000000018000f374 f   LIBCMT:new_scalar.obj
 0001:0000e3b0       ??3@YAXPEAX_K@Z            000000018000f3b0 f   LIBCMT:delete_scalar_size.obj
 0001:0000e3b8       __scrt_acquire_startup_lock 000000018000f3b8 f   LIBCMT:utility.obj
 0001:0000e3f4       __scrt_dllmain_after_initialize_c 000000018000f3f4 f   LIBCMT:utility.obj
 0001:0000e428       __scrt_dllmain_before_initialize_c 000000018000f428 f   LIBCMT:utility.obj
 0001:0000e440       __scrt_dllmain_crt_thread_attach 000000018000f440 f   LIBCMT:utility.obj
 0001:0000e468       __scrt_dllmain_crt_thread_detach 000000018000f468 f   LIBCMT:utility.obj
 0001:0000e480       __scrt_dllmain_exception_filter 000000018000f480 f   LIBCMT:utility.obj
 0001:0000e4e0       __scrt_dllmain_uninitialize_c 000000018000f4e0 f   LIBCMT:utility.obj
 0001:0000e510       __scrt_dllmain_uninitialize_critical 000000018000f510 f   LIBCMT:utility.obj
 0001:0000e524       __scrt_initialize_crt      000000018000f524 f   LIBCMT:utility.obj
 0001:0000e570       __scrt_initialize_onexit_tables 000000018000f570 f   LIBCMT:utility.obj
 0001:0000e648       __scrt_is_nonwritable_in_current_image 000000018000f648 f   LIBCMT:utility.obj
 0001:0000e6e4       __scrt_release_startup_lock 000000018000f6e4 f   LIBCMT:utility.obj
 0001:0000e708       __scrt_uninitialize_crt    000000018000f708 f   LIBCMT:utility.obj
 0001:0000e734       _onexit                    000000018000f734 f   LIBCMT:utility.obj
 0001:0000e784       atexit                     000000018000f784 f   LIBCMT:utility.obj
 0001:0000eacc       _DllMainCRTStartup         000000018000facc f   LIBCMT:dll_dllmain.obj
 0001:0000eb0c       ??_Gtype_info@@UEAAPEAXI@Z 000000018000fb0c f i LIBCMT:std_type_info_static.obj
 0001:0000eb0c       ??_Etype_info@@UEAAPEAXI@Z 000000018000fb0c f i LIBCMT:std_type_info_static.obj
 0001:0000eb38       __raise_securityfailure    000000018000fb38 f   LIBCMT:gs_report.obj
 0001:0000eb6c       __report_gsfailure         000000018000fb6c f   LIBCMT:gs_report.obj
 0001:0000ec40       __report_rangecheckfailure 000000018000fc40 f   LIBCMT:gs_report.obj
 0001:0000ec54       __report_securityfailure   000000018000fc54 f   LIBCMT:gs_report.obj
 0001:0000edd4       ??0bad_array_new_length@std@@QEAA@AEBV01@@Z 000000018000fdd4 f i LIBCMT:throw_bad_alloc.obj
 0001:0000ee14       ??0bad_array_new_length@std@@QEAA@XZ 000000018000fe14 f i LIBCMT:throw_bad_alloc.obj
 0001:0000ee34       ?__scrt_throw_std_bad_alloc@@YAXXZ 000000018000fe34 f   LIBCMT:throw_bad_alloc.obj
 0001:0000ee54       ?__scrt_throw_std_bad_array_new_length@@YAXXZ 000000018000fe54 f   LIBCMT:throw_bad_alloc.obj
 0001:0000ee74       ??3@YAXPEAX@Z              000000018000fe74 f   LIBCMT:delete_scalar.obj
 0001:0000ee7c       __isa_available_init       000000018000fe7c f   LIBCMT:cpu_disp.obj
 0001:0000f038       _get_startup_argv_mode     0000000180010038 f   LIBCMT:argv_mode.obj
 0001:0000f040       __scrt_is_ucrt_dll_in_use  0000000180010040 f   LIBCMT:ucrt_detection.obj
 0001:0000f04c       __crt_debugger_hook        000000018001004c f   LIBCMT:utility_desktop.obj
 0001:0000f054       __scrt_fastfail            0000000180010054 f   LIBCMT:utility_desktop.obj
 0001:0000f1a0       _guard_check_icall_nop     00000001800101a0 f i LIBCMT:guard_support.obj
 0001:0000f1a4       __security_init_cookie     00000001800101a4 f   LIBCMT:gs_support.obj
 0001:0000f250       ?__scrt_initialize_type_info@@YAXXZ 0000000180010250 f   LIBCMT:tncleanup.obj
 0001:0000f260       ?__scrt_uninitialize_type_info@@YAXXZ 0000000180010260 f   LIBCMT:tncleanup.obj
 0001:0000f26c       __local_stdio_scanf_options 000000018001026c f i LIBCMT:default_local_stdio_options.obj
 0001:0000f274       __scrt_initialize_default_local_stdio_options 0000000180010274 f   LIBCMT:default_local_stdio_options.obj
 0001:0000f290       __scrt_get_dyn_tls_init_callback 0000000180010290 f   LIBCMT:dyn_tls_init.obj
 0001:0000f298       _RTC_Initialize            0000000180010298 f   LIBCMT:initsect.obj
 0001:0000f2d4       _RTC_Terminate             00000001800102d4 f   LIBCMT:initsect.obj
 0001:0000f310       _purecall                  0000000180010310 f   libvcruntime:purevirt.obj
 0001:0000f340       __std_exception_copy       0000000180010340 f   libvcruntime:std_exception.obj
 0001:0000f3d0       __std_exception_destroy    00000001800103d0 f   libvcruntime:std_exception.obj
 0001:0000f3f8       _CxxThrowException         00000001800103f8 f   libvcruntime:throw.obj
 0001:0000f4b8       __vcrt_initialize          00000001800104b8 f   libvcruntime:initialization.obj
 0001:0000f4ec       __vcrt_thread_attach       00000001800104ec f   libvcruntime:initialization.obj
 0001:0000f500       __vcrt_thread_detach       0000000180010500 f   libvcruntime:initialization.obj
 0001:0000f514       __vcrt_uninitialize        0000000180010514 f   libvcruntime:initialization.obj
 0001:0000f534       __vcrt_uninitialize_critical 0000000180010534 f   libvcruntime:initialization.obj
 0001:0000f544       __C_specific_handler       0000000180010544 f   libvcruntime:riscchandler.obj
 0001:0000f760       memset_repmovs             0000000180010760 f   libvcruntime:memset.obj
 0001:0000f780       memset                     0000000180010780 f   libvcruntime:memset.obj
 0001:0000f910       __std_type_info_destroy_list 0000000180010910 f   libvcruntime:std_type_info.obj
 0001:0000f93c       __vcrt_initialize_pure_virtual_call_handler 000000018001093c f   libvcruntime:purevirt_data.obj
 0001:0000f94c       __vcrt_freefls             000000018001094c f   libvcruntime:per_thread_data.obj
 0001:0000f96c       __vcrt_freeptd             000000018001096c f   libvcruntime:per_thread_data.obj
 0001:0000f9bc       __vcrt_getptd_noexit       00000001800109bc f   libvcruntime:per_thread_data.obj
 0001:0000fa88       __vcrt_initialize_ptd      0000000180010a88 f   libvcruntime:per_thread_data.obj
 0001:0000fadc       __vcrt_uninitialize_ptd    0000000180010adc f   libvcruntime:per_thread_data.obj
 0001:0000fb00       __vcrt_initialize_locks    0000000180010b00 f   libvcruntime:locks.obj
 0001:0000fb48       __vcrt_uninitialize_locks  0000000180010b48 f   libvcruntime:locks.obj
 0001:0000fd58       __vcrt_FlsAlloc            0000000180010d58 f   libvcruntime:winapi_downlevel.obj
 0001:0000fda0       __vcrt_FlsFree             0000000180010da0 f   libvcruntime:winapi_downlevel.obj
 0001:0000fde8       __vcrt_FlsGetValue         0000000180010de8 f   libvcruntime:winapi_downlevel.obj
 0001:0000fe30       __vcrt_FlsSetValue         0000000180010e30 f   libvcruntime:winapi_downlevel.obj
 0001:0000fe84       __vcrt_InitializeCriticalSectionEx 0000000180010e84 f   libvcruntime:winapi_downlevel.obj
 0001:0000fee8       __vcrt_initialize_winapi_thunks 0000000180010ee8 f   libvcruntime:winapi_downlevel.obj
 0001:0000ff18       __vcrt_uninitialize_winapi_thunks 0000000180010f18 f   libvcruntime:winapi_downlevel.obj
 0001:0000ff70       _NLG_Notify                0000000180010f70 f   libvcruntime:notify.obj
 0001:0000ff90       __NLG_Dispatch2            0000000180010f90 f   libvcruntime:notify.obj
 0001:0000ffa0       __NLG_Return2              0000000180010fa0 f   libvcruntime:notify.obj
 0001:0000ffa4       __except_validate_context_record 0000000180010fa4 f   libvcruntime:jbcxrval.obj
 0001:0000ffdc       __DestructExceptionObject  0000000180010fdc f   libvcruntime:ehhelpers.obj
 0001:00010050       ?_CallMemberFunction0@@YAXQEAX0@Z 0000000180011050 f i libvcruntime:ehhelpers.obj
 0001:00010070       memcpy_repmovs             0000000180011070 f   libvcruntime:memcpy.obj
 0001:00010090       memcpy                     0000000180011090 f   libvcruntime:memcpy.obj
 0001:00010090       memmove                    0000000180011090 f   libvcruntime:memcpy.obj
 0001:000104e0       _CallSettingFrame          00000001800114e0 f   libvcruntime:handlers.obj
 0001:00010530       _CallSettingFrameEncoded   0000000180011530 f   libvcruntime:handlers.obj
 0001:00010b2c       ??$ensure_buffer_is_big_enough@D@formatting_buffer@__crt_stdio_output@@QEAA_N_K@Z 0000000180011b2c f i libucrt:output.obj
 0001:00010bd4       ??$ensure_buffer_is_big_enough@_W@formatting_buffer@__crt_stdio_output@@QEAA_N_K@Z 0000000180011bd4 f i libucrt:output.obj
 0001:00010c80       ??$is_wide_character_specifier@_W@__crt_stdio_output@@YA_N_K_WW4length_modifier@0@@Z 0000000180011c80 f i libucrt:output.obj
 0001:00010cc0       ??$type_case_integer_parse_into_buffer@I@?$output_processor@DV?$string_output_adapter@D@__crt_stdio_output@@V?$format_validation_base@DV?$string_output_adapter@D@__crt_stdio_output@@@2@@__crt_stdio_output@@AEAAXII_N@Z 0000000180011cc0 f i libucrt:output.obj
 0001:00010d50       ??$type_case_integer_parse_into_buffer@I@?$output_processor@_WV?$string_output_adapter@_W@__crt_stdio_output@@V?$format_validation_base@_WV?$string_output_adapter@_W@__crt_stdio_output@@@2@@__crt_stdio_output@@AEAAXII_N@Z 0000000180011d50 f i libucrt:output.obj
 0001:00010d50       ??$type_case_integer_parse_into_buffer@I@?$output_processor@_WV?$string_output_adapter@_W@__crt_stdio_output@@V?$standard_base@_WV?$string_output_adapter@_W@__crt_stdio_output@@@2@@__crt_stdio_output@@AEAAXII_N@Z 0000000180011d50 f i libucrt:output.obj
 0001:00010d50       ??$type_case_integer_parse_into_buffer@I@?$output_processor@_WV?$stream_output_adapter@_W@__crt_stdio_output@@V?$standard_base@_WV?$stream_output_adapter@_W@__crt_stdio_output@@@2@@__crt_stdio_output@@AEAAXII_N@Z 0000000180011d50 f i libucrt:output.obj
 0001:00010df4       ??$type_case_integer_parse_into_buffer@_K@?$output_processor@DV?$string_output_adapter@D@__crt_stdio_output@@V?$format_validation_base@DV?$string_output_adapter@D@__crt_stdio_output@@@2@@__crt_stdio_output@@AEAAX_KI_N@Z 0000000180011df4 f i libucrt:output.obj
 0001:00010e88       ??$type_case_integer_parse_into_buffer@_K@?$output_processor@_WV?$string_output_adapter@_W@__crt_stdio_output@@V?$standard_base@_WV?$string_output_adapter@_W@__crt_stdio_output@@@2@@__crt_stdio_output@@AEAAX_KI_N@Z 0000000180011e88 f i libucrt:output.obj
 0001:00010e88       ??$type_case_integer_parse_into_buffer@_K@?$output_processor@_WV?$string_output_adapter@_W@__crt_stdio_output@@V?$format_validation_base@_WV?$string_output_adapter@_W@__crt_stdio_output@@@2@@__crt_stdio_output@@AEAAX_KI_N@Z 0000000180011e88 f i libucrt:output.obj
 0001:00010e88       ??$type_case_integer_parse_into_buffer@_K@?$output_processor@_WV?$stream_output_adapter@_W@__crt_stdio_output@@V?$standard_base@_WV?$stream_output_adapter@_W@__crt_stdio_output@@@2@@__crt_stdio_output@@AEAAX_KI_N@Z 0000000180011e88 f i libucrt:output.obj
 0001:00010f2c       ??$write_multiple_characters@V?$stream_output_adapter@_W@__crt_stdio_output@@D@__crt_stdio_output@@YAXAEBV?$stream_output_adapter@_W@0@DHQEAH@Z 0000000180011f2c f i libucrt:output.obj
 0001:00010fc0       ??$write_multiple_characters@V?$string_output_adapter@D@__crt_stdio_output@@D@__crt_stdio_output@@YAXAEBV?$string_output_adapter@D@0@DHQEAH@Z 0000000180011fc0 f i libucrt:output.obj
 0001:00011038       ??$write_multiple_characters@V?$string_output_adapter@_W@__crt_stdio_output@@D@__crt_stdio_output@@YAXAEBV?$string_output_adapter@_W@0@DHQEAH@Z 0000000180012038 f i libucrt:output.obj
 0001:000110b4       ??0_LocaleUpdate@@QEAA@QEAU__crt_locale_pointers@@@Z 00000001800120b4 f i libucrt:output.obj
 0001:00011284       ?crop_zeroes@__crt_stdio_output@@YAXPEADQEAU__crt_locale_pointers@@@Z 0000000180012284 f i libucrt:output.obj
 0001:000112f0       ?force_decimal_point@__crt_stdio_output@@YAXPEADQEAU__crt_locale_pointers@@@Z 00000001800122f0 f i libucrt:output.obj
 0001:00011360       ?parse_int_from_format_string@?$output_processor@DV?$string_output_adapter@D@__crt_stdio_output@@V?$format_validation_base@DV?$string_output_adapter@D@__crt_stdio_output@@@2@@__crt_stdio_output@@AEAA_NQEAH@Z 0000000180012360 f i libucrt:output.obj
 0001:00011404       ?parse_int_from_format_string@?$output_processor@_WV?$string_output_adapter@_W@__crt_stdio_output@@V?$standard_base@_WV?$string_output_adapter@_W@__crt_stdio_output@@@2@@__crt_stdio_output@@AEAA_NQEAH@Z 0000000180012404 f i libucrt:output.obj
 0001:00011404       ?parse_int_from_format_string@?$output_processor@_WV?$string_output_adapter@_W@__crt_stdio_output@@V?$format_validation_base@_WV?$string_output_adapter@_W@__crt_stdio_output@@@2@@__crt_stdio_output@@AEAA_NQEAH@Z 0000000180012404 f i libucrt:output.obj
 0001:00011404       ?parse_int_from_format_string@?$output_processor@_WV?$stream_output_adapter@_W@__crt_stdio_output@@V?$standard_base@_WV?$stream_output_adapter@_W@__crt_stdio_output@@@2@@__crt_stdio_output@@AEAA_NQEAH@Z 0000000180012404 f i libucrt:output.obj
 0001:000114a8       ?process@?$output_processor@DV?$string_output_adapter@D@__crt_stdio_output@@V?$format_validation_base@DV?$string_output_adapter@D@__crt_stdio_output@@@2@@__crt_stdio_output@@QEAAHXZ 00000001800124a8 f i libucrt:output.obj
 0001:000116c0       ?process@?$output_processor@_WV?$stream_output_adapter@_W@__crt_stdio_output@@V?$standard_base@_WV?$stream_output_adapter@_W@__crt_stdio_output@@@2@@__crt_stdio_output@@QEAAHXZ 00000001800126c0 f i libucrt:output.obj
 0001:0001192c       ?process@?$output_processor@_WV?$string_output_adapter@_W@__crt_stdio_output@@V?$format_validation_base@_WV?$string_output_adapter@_W@__crt_stdio_output@@@2@@__crt_stdio_output@@QEAAHXZ 000000018001292c f i libucrt:output.obj
 0001:00011bb4       ?process@?$output_processor@_WV?$string_output_adapter@_W@__crt_stdio_output@@V?$standard_base@_WV?$string_output_adapter@_W@__crt_stdio_output@@@2@@__crt_stdio_output@@QEAAHXZ 0000000180012bb4 f i libucrt:output.obj
 0001:00011e30       ?state_case_normal@?$output_processor@DV?$string_output_adapter@D@__crt_stdio_output@@V?$format_validation_base@DV?$string_output_adapter@D@__crt_stdio_output@@@2@@__crt_stdio_output@@AEAA_NXZ 0000000180012e30 f i libucrt:output.obj
 0001:00011ea4       ?state_case_normal_tchar@?$output_processor@DV?$string_output_adapter@D@__crt_stdio_output@@V?$format_validation_base@DV?$string_output_adapter@D@__crt_stdio_output@@@2@@__crt_stdio_output@@AEAA_ND@Z 0000000180012ea4 f i libucrt:output.obj
 0001:00011f4c       ?state_case_size@?$output_processor@DV?$string_output_adapter@D@__crt_stdio_output@@V?$format_validation_base@DV?$string_output_adapter@D@__crt_stdio_output@@@2@@__crt_stdio_output@@AEAA_NXZ 0000000180012f4c f i libucrt:output.obj
 0001:000120c0       ?state_case_size@?$output_processor@_WV?$stream_output_adapter@_W@__crt_stdio_output@@V?$standard_base@_WV?$stream_output_adapter@_W@__crt_stdio_output@@@2@@__crt_stdio_output@@AEAA_NXZ 00000001800130c0 f i libucrt:output.obj
 0001:00012258       ?state_case_size@?$output_processor@_WV?$string_output_adapter@_W@__crt_stdio_output@@V?$format_validation_base@_WV?$string_output_adapter@_W@__crt_stdio_output@@@2@@__crt_stdio_output@@AEAA_NXZ 0000000180013258 f i libucrt:output.obj
 0001:00012258       ?state_case_size@?$output_processor@_WV?$string_output_adapter@_W@__crt_stdio_output@@V?$standard_base@_WV?$string_output_adapter@_W@__crt_stdio_output@@@2@@__crt_stdio_output@@AEAA_NXZ 0000000180013258 f i libucrt:output.obj
 0001:000123f0       ?state_case_type@?$output_processor@DV?$string_output_adapter@D@__crt_stdio_output@@V?$format_validation_base@DV?$string_output_adapter@D@__crt_stdio_output@@@2@@__crt_stdio_output@@AEAA_NXZ 00000001800133f0 f i libucrt:output.obj
 0001:00012658       ?state_case_type@?$output_processor@_WV?$stream_output_adapter@_W@__crt_stdio_output@@V?$standard_base@_WV?$stream_output_adapter@_W@__crt_stdio_output@@@2@@__crt_stdio_output@@AEAA_NXZ 0000000180013658 f i libucrt:output.obj
 0001:00012938       ?state_case_type@?$output_processor@_WV?$string_output_adapter@_W@__crt_stdio_output@@V?$standard_base@_WV?$string_output_adapter@_W@__crt_stdio_output@@@2@@__crt_stdio_output@@AEAA_NXZ 0000000180013938 f i libucrt:output.obj
 0001:00012938       ?state_case_type@?$output_processor@_WV?$string_output_adapter@_W@__crt_stdio_output@@V?$format_validation_base@_WV?$string_output_adapter@_W@__crt_stdio_output@@@2@@__crt_stdio_output@@AEAA_NXZ 0000000180013938 f i libucrt:output.obj
 0001:00012c04       ?type_case_Z@?$output_processor@DV?$string_output_adapter@D@__crt_stdio_output@@V?$format_validation_base@DV?$string_output_adapter@D@__crt_stdio_output@@@2@@__crt_stdio_output@@AEAA_NXZ 0000000180013c04 f i libucrt:output.obj
 0001:00012c7c       ?type_case_Z@?$output_processor@_WV?$string_output_adapter@_W@__crt_stdio_output@@V?$format_validation_base@_WV?$string_output_adapter@_W@__crt_stdio_output@@@2@@__crt_stdio_output@@AEAA_NXZ 0000000180013c7c f i libucrt:output.obj
 0001:00012c7c       ?type_case_Z@?$output_processor@_WV?$stream_output_adapter@_W@__crt_stdio_output@@V?$standard_base@_WV?$stream_output_adapter@_W@__crt_stdio_output@@@2@@__crt_stdio_output@@AEAA_NXZ 0000000180013c7c f i libucrt:output.obj
 0001:00012c7c       ?type_case_Z@?$output_processor@_WV?$string_output_adapter@_W@__crt_stdio_output@@V?$standard_base@_WV?$string_output_adapter@_W@__crt_stdio_output@@@2@@__crt_stdio_output@@AEAA_NXZ 0000000180013c7c f i libucrt:output.obj
 0001:00012cf8       ?type_case_a@?$output_processor@DV?$string_output_adapter@D@__crt_stdio_output@@V?$format_validation_base@DV?$string_output_adapter@D@__crt_stdio_output@@@2@@__crt_stdio_output@@AEAA_NXZ 0000000180013cf8 f i libucrt:output.obj
 0001:00012eb4       ?type_case_a@?$output_processor@_WV?$stream_output_adapter@_W@__crt_stdio_output@@V?$standard_base@_WV?$stream_output_adapter@_W@__crt_stdio_output@@@2@@__crt_stdio_output@@AEAA_NXZ 0000000180013eb4 f i libucrt:output.obj
 0001:00012eb4       ?type_case_a@?$output_processor@_WV?$string_output_adapter@_W@__crt_stdio_output@@V?$format_validation_base@_WV?$string_output_adapter@_W@__crt_stdio_output@@@2@@__crt_stdio_output@@AEAA_NXZ 0000000180013eb4 f i libucrt:output.obj
 0001:00012eb4       ?type_case_a@?$output_processor@_WV?$string_output_adapter@_W@__crt_stdio_output@@V?$standard_base@_WV?$string_output_adapter@_W@__crt_stdio_output@@@2@@__crt_stdio_output@@AEAA_NXZ 0000000180013eb4 f i libucrt:output.obj
 0001:00013094       ?type_case_c_tchar@?$output_processor@DV?$string_output_adapter@D@__crt_stdio_output@@V?$format_validation_base@DV?$string_output_adapter@D@__crt_stdio_output@@@2@@__crt_stdio_output@@AEAA_ND@Z 0000000180014094 f i libucrt:output.obj
 0001:00013150       ?type_case_c_tchar@?$output_processor@_WV?$string_output_adapter@_W@__crt_stdio_output@@V?$format_validation_base@_WV?$string_output_adapter@_W@__crt_stdio_output@@@2@@__crt_stdio_output@@AEAA_N_W@Z 0000000180014150 f i libucrt:output.obj
 0001:00013150       ?type_case_c_tchar@?$output_processor@_WV?$string_output_adapter@_W@__crt_stdio_output@@V?$standard_base@_WV?$string_output_adapter@_W@__crt_stdio_output@@@2@@__crt_stdio_output@@AEAA_N_W@Z 0000000180014150 f i libucrt:output.obj
 0001:00013150       ?type_case_c_tchar@?$output_processor@_WV?$stream_output_adapter@_W@__crt_stdio_output@@V?$standard_base@_WV?$stream_output_adapter@_W@__crt_stdio_output@@@2@@__crt_stdio_output@@AEAA_N_W@Z 0000000180014150 f i libucrt:output.obj
 0001:000131f8       ?type_case_integer@?$output_processor@DV?$string_output_adapter@D@__crt_stdio_output@@V?$format_validation_base@DV?$string_output_adapter@D@__crt_stdio_output@@@2@@__crt_stdio_output@@AEAA_NI_N@Z 00000001800141f8 f i libucrt:output.obj
 0001:000133c0       ?type_case_integer@?$output_processor@_WV?$string_output_adapter@_W@__crt_stdio_output@@V?$standard_base@_WV?$string_output_adapter@_W@__crt_stdio_output@@@2@@__crt_stdio_output@@AEAA_NI_N@Z 00000001800143c0 f i libucrt:output.obj
 0001:000133c0       ?type_case_integer@?$output_processor@_WV?$stream_output_adapter@_W@__crt_stdio_output@@V?$standard_base@_WV?$stream_output_adapter@_W@__crt_stdio_output@@@2@@__crt_stdio_output@@AEAA_NI_N@Z 00000001800143c0 f i libucrt:output.obj
 0001:000133c0       ?type_case_integer@?$output_processor@_WV?$string_output_adapter@_W@__crt_stdio_output@@V?$format_validation_base@_WV?$string_output_adapter@_W@__crt_stdio_output@@@2@@__crt_stdio_output@@AEAA_NI_N@Z 00000001800143c0 f i libucrt:output.obj
 0001:0001358c       ?type_case_n@?$output_processor@_WV?$stream_output_adapter@_W@__crt_stdio_output@@V?$standard_base@_WV?$stream_output_adapter@_W@__crt_stdio_output@@@2@@__crt_stdio_output@@AEAA_NXZ 000000018001458c f i libucrt:output.obj
 0001:0001358c       ?type_case_n@?$output_processor@_WV?$string_output_adapter@_W@__crt_stdio_output@@V?$format_validation_base@_WV?$string_output_adapter@_W@__crt_stdio_output@@@2@@__crt_stdio_output@@AEAA_NXZ 000000018001458c f i libucrt:output.obj
 0001:0001358c       ?type_case_n@?$output_processor@_WV?$string_output_adapter@_W@__crt_stdio_output@@V?$standard_base@_WV?$string_output_adapter@_W@__crt_stdio_output@@@2@@__crt_stdio_output@@AEAA_NXZ 000000018001458c f i libucrt:output.obj
 0001:0001358c       ?type_case_n@?$output_processor@DV?$string_output_adapter@D@__crt_stdio_output@@V?$format_validation_base@DV?$string_output_adapter@D@__crt_stdio_output@@@2@@__crt_stdio_output@@AEAA_NXZ 000000018001458c f i libucrt:output.obj
 0001:00013668       ?type_case_s@?$output_processor@DV?$string_output_adapter@D@__crt_stdio_output@@V?$format_validation_base@DV?$string_output_adapter@D@__crt_stdio_output@@@2@@__crt_stdio_output@@AEAA_NXZ 0000000180014668 f i libucrt:output.obj
 0001:00013700       ?type_case_s@?$output_processor@_WV?$string_output_adapter@_W@__crt_stdio_output@@V?$format_validation_base@_WV?$string_output_adapter@_W@__crt_stdio_output@@@2@@__crt_stdio_output@@AEAA_NXZ 0000000180014700 f i libucrt:output.obj
 0001:00013700       ?type_case_s@?$output_processor@_WV?$string_output_adapter@_W@__crt_stdio_output@@V?$standard_base@_WV?$string_output_adapter@_W@__crt_stdio_output@@@2@@__crt_stdio_output@@AEAA_NXZ 0000000180014700 f i libucrt:output.obj
 0001:00013700       ?type_case_s@?$output_processor@_WV?$stream_output_adapter@_W@__crt_stdio_output@@V?$standard_base@_WV?$stream_output_adapter@_W@__crt_stdio_output@@@2@@__crt_stdio_output@@AEAA_NXZ 0000000180014700 f i libucrt:output.obj
 0001:000137c8       ?write_stored_string_tchar@?$output_processor@DV?$string_output_adapter@D@__crt_stdio_output@@V?$format_validation_base@DV?$string_output_adapter@D@__crt_stdio_output@@@2@@__crt_stdio_output@@AEAA_ND@Z 00000001800147c8 f i libucrt:output.obj
 0001:000138a0       ?write_stored_string_tchar@?$output_processor@_WV?$stream_output_adapter@_W@__crt_stdio_output@@V?$standard_base@_WV?$stream_output_adapter@_W@__crt_stdio_output@@@2@@__crt_stdio_output@@AEAA_N_W@Z 00000001800148a0 f i libucrt:output.obj
 0001:000139a8       ?write_stored_string_tchar@?$output_processor@_WV?$string_output_adapter@_W@__crt_stdio_output@@V?$format_validation_base@_WV?$string_output_adapter@_W@__crt_stdio_output@@@2@@__crt_stdio_output@@AEAA_N_W@Z 00000001800149a8 f i libucrt:output.obj
 0001:000139a8       ?write_stored_string_tchar@?$output_processor@_WV?$string_output_adapter@_W@__crt_stdio_output@@V?$standard_base@_WV?$string_output_adapter@_W@__crt_stdio_output@@@2@@__crt_stdio_output@@AEAA_N_W@Z 00000001800149a8 f i libucrt:output.obj
 0001:00013a94       ?write_string@?$string_output_adapter@D@__crt_stdio_output@@QEBAXQEBDHQEAHAEAV__crt_deferred_errno_cache@@@Z 0000000180014a94 f i libucrt:output.obj
 0001:00013b38       ?write_string@?$string_output_adapter@_W@__crt_stdio_output@@QEBAXQEB_WHQEAHAEAV__crt_deferred_errno_cache@@@Z 0000000180014b38 f i libucrt:output.obj
 0001:00013be0       ?write_string_impl@?$output_adapter_common@_WV?$stream_output_adapter@_W@__crt_stdio_output@@@__crt_stdio_output@@IEBAXQEB_WHQEAHAEAV__crt_deferred_errno_cache@@@Z 0000000180014be0 f i libucrt:output.obj
 0001:00013ce4       __stdio_common_vfwprintf   0000000180014ce4 f   libucrt:output.obj
 0001:00013d70       __stdio_common_vsprintf_s  0000000180014d70 f   libucrt:output.obj
 0001:00013dd4       __stdio_common_vswprintf   0000000180014dd4 f   libucrt:output.obj
 0001:00013ddc       __stdio_common_vswprintf_s 0000000180014ddc f   libucrt:output.obj
 0001:00014564       ??$ftprintf@PEAU_iobuf@@PEB_WAEBQEB_WAEBQEB_WAEBI@?$__crt_char_traits@_W@@SAH$$QEAPEAU_iobuf@@$$QEAPEB_WAEBQEB_W2AEBI@Z 0000000180015564 f i libucrt:assert.obj
 0001:0001458c       _wassert                   000000018001558c f   libucrt:assert.obj
 0001:00014600       fwprintf                   0000000180015600 f i libucrt:assert.obj
 0001:00014644       swprintf                   0000000180015644 f i libucrt:assert.obj
 0001:00014698       __acrt_call_reportfault    0000000180015698 f   libucrt:invalid_parameter.obj
 0001:000147f4       __acrt_initialize_invalid_parameter_handler 00000001800157f4 f   libucrt:invalid_parameter.obj
 0001:000147fc       _invalid_parameter         00000001800157fc f   libucrt:invalid_parameter.obj
 0001:000148ac       _invalid_parameter_noinfo  00000001800158ac f   libucrt:invalid_parameter.obj
 0001:000148cc       _invalid_parameter_noinfo_noreturn 00000001800158cc f   libucrt:invalid_parameter.obj
 0001:000148fc       _invoke_watson             00000001800158fc f   libucrt:invalid_parameter.obj
 0001:00014944       _wcsicmp                   0000000180015944 f   libucrt:wcsicmp.obj
 0001:000149dc       _wcsicmp_l                 00000001800159dc f   libucrt:wcsicmp.obj
 0001:00014adc       __ascii_stricmp            0000000180015adc f   libucrt:stricmp.obj
 0001:00014b1c       _stricmp                   0000000180015b1c f   libucrt:stricmp.obj
 0001:00014b64       _stricmp_l                 0000000180015b64 f   libucrt:stricmp.obj
 0001:00014c18       __acrt_initialize_new_handler 0000000180015c18 f   libucrt:new_handler.obj
 0001:00014c20       _callnewh                  0000000180015c20 f   libucrt:new_handler.obj
 0001:00014c50       _query_new_handler         0000000180015c50 f   libucrt:new_handler.obj
 0001:00014c84       malloc                     0000000180015c84 f   libucrt:malloc.obj
 0001:00014c8c       _seh_filter_dll            0000000180015c8c f   libucrt:exception_filter.obj
 0001:00014ca0       _seh_filter_exe            0000000180015ca0 f   libucrt:exception_filter.obj
 0001:00015090       __acrt_initialize_thread_local_exit_callback 0000000180016090 f   libucrt:exit.obj
 0001:00015098       _cexit                     0000000180016098 f   libucrt:exit.obj
 0001:000150a8       _exit                      00000001800160a8 f   libucrt:exit.obj
 0001:000150b4       _is_c_termination_complete 00000001800160b4 f   libucrt:exit.obj
 0001:00015280       __acrt_allocate_buffer_for_argv 0000000180016280 f   libucrt:argv_parsing.obj
 0001:000152e0       _configure_narrow_argv     00000001800162e0 f   libucrt:argv_parsing.obj
 0001:00015658       __dcrt_uninitialize_environments_nolock 0000000180016658 f   libucrt:environment_initialization.obj
 0001:00015690       _initialize_narrow_environment 0000000180016690 f   libucrt:environment_initialization.obj
 0001:000159d8       _crt_atexit                00000001800169d8 f   libucrt:onexit.obj
 0001:000159e8       _execute_onexit_table      00000001800169e8 f   libucrt:onexit.obj
 0001:00015a24       _initialize_onexit_table   0000000180016a24 f   libucrt:onexit.obj
 0001:00015a4c       _register_onexit_function  0000000180016a4c f   libucrt:onexit.obj
 0001:00015acc       __acrt_uninitialize_command_line 0000000180016acc f   libucrt:argv_data.obj
 0001:00015bc4       __acrt_initialize          0000000180016bc4 f   libucrt:initialization.obj
 0001:00015bd8       __acrt_thread_attach       0000000180016bd8 f   libucrt:initialization.obj
 0001:00015bec       __acrt_thread_detach       0000000180016bec f   libucrt:initialization.obj
 0001:00015bfc       __acrt_uninitialize        0000000180016bfc f   libucrt:initialization.obj
 0001:00015c34       __acrt_uninitialize_critical 0000000180016c34 f   libucrt:initialization.obj
 0001:00015c44       _initterm                  0000000180016c44 f   libucrt:initterm.obj
 0001:00015ca8       _initterm_e                0000000180016ca8 f   libucrt:initterm.obj
 0001:00015ce8       free                       0000000180016ce8 f   libucrt:free.obj
 0001:00015cfc       terminate                  0000000180016cfc f   libucrt:terminate.obj
 0001:00015d1c       abort                      0000000180016d1c f   libucrt:abort.obj
 0001:00015d74       strcpy_s                   0000000180016d74 f   libucrt:strcpy_s.obj
[...]
 0004:00001a70       $pdata$iswctype            0000000180036a70     libucrt:iswctype.obj
 0004:00001a7c       $pdata$_isctype_l          0000000180036a7c     libucrt:isctype.obj
 0004:00001a88       $pdata$_isleadbyte_l       0000000180036a88     libucrt:_wctype.obj
 0004:00001a94       $pdata$?__acrt_LCMapStringA_stat@@YAHPEAU__crt_locale_pointers@@PEB_WKPEBDHPEADHHH@Z 0000000180036a94     libucrt:lcmapstringa.obj
 0004:00001aa0       $pdata$__acrt_LCMapStringA 0000000180036aa0     libucrt:lcmapstringa.obj
 0004:00001aac       $pdata$?__mbrtowc_utf8@__crt_mbstring@@YA_KPEA_WPEBD_KPEAU_Mbstatet@@@Z 0000000180036aac     libucrt:mbrtowc.obj
 0004:00001ab8       $pdata$?__mbsrtowcs_utf8@__crt_mbstring@@YA_KPEA_WPEAPEBD_KPEAU_Mbstatet@@@Z 0000000180036ab8     libucrt:mbrtowc.obj
 0004:00001ac4       $pdata$?__c32rtomb_utf8@__crt_mbstring@@YA_KPEAD_UPEAU_Mbstatet@@@Z 0000000180036ac4     libucrt:c32rtomb.obj
 0004:00001ad0       $pdata$__acrt_free_locale  0000000180036ad0     libucrt:locale_refcounting.obj
 0004:00001adc       $pdata$__acrt_locale_free_lc_time_if_unreferenced 0000000180036adc     libucrt:locale_refcounting.obj
 0004:00001ae8       $pdata$__acrt_release_locale_ref 0000000180036ae8     libucrt:locale_refcounting.obj
 0004:00001af4       $pdata$__acrt_update_thread_locale_data 0000000180036af4     libucrt:locale_refcounting.obj
 0004:00001b00       $pdata$_updatetlocinfoEx_nolock 0000000180036b00     libucrt:locale_refcounting.obj
 0004:00001b0c       $pdata$__acrt_fp_strflt_to_string 0000000180036b0c     libucrt:_fptostr.obj
 0004:00001b18       $pdata$?divide@__crt_strtox@@YA_KAEAUbig_integer@1@AEBU21@@Z 0000000180036b18     libucrt:cfout.obj
 0004:00001b24       $pdata$0$?divide@__crt_strtox@@YA_KAEAUbig_integer@1@AEBU21@@Z 0000000180036b24     libucrt:cfout.obj
 0004:00001b30       $pdata$1$?divide@__crt_strtox@@YA_KAEAUbig_integer@1@AEBU21@@Z 0000000180036b30     libucrt:cfout.obj
 0004:00001b3c       $pdata$__acrt_fltout       0000000180036b3c     libucrt:cfout.obj
 0004:00001b48       $pdata$memcpy_s            0000000180036b48     libucrt:cfout.obj
 0004:00001b54       $pdata$??$write_buffer_nolock@D@@YA_NDV__crt_stdio_stream@@@Z 0000000180036b54     libucrt:_flsbuf.obj
 0004:00001b60       $pdata$??$write_buffer_nolock@_W@@YA_N_WV__crt_stdio_stream@@@Z 0000000180036b60     libucrt:_flsbuf.obj
 0004:00001b6c       $pdata$?stream_is_at_end_of_file_nolock@@YA_NV__crt_stdio_stream@@@Z 0000000180036b6c     libucrt:_flsbuf.obj
 0004:00001b78       $pdata$__acrt_stdio_flush_and_write_narrow_nolock 0000000180036b78     libucrt:_flsbuf.obj
 0004:00001b84       $pdata$__acrt_stdio_flush_and_write_wide_nolock 0000000180036b84     libucrt:_flsbuf.obj
 0004:00001b90       $pdata$_fcloseall          0000000180036b90     libucrt:closeall.obj
 0004:00001b9c       $pdata$__acrt_stdio_free_buffer_nolock 0000000180036b9c     libucrt:_freebuf.obj
 0004:00001ba8       $pdata$_isatty             0000000180036ba8     libucrt:isatty.obj
 0004:00001bb4       $pdata$__acrt_locale_free_monetary 0000000180036bb4     libucrt:initmon.obj
 0004:00001bc0       $pdata$__acrt_locale_free_numeric 0000000180036bc0     libucrt:initnum.obj
 0004:00001bcc       $pdata$?free_crt_array_internal@@YAXQEAPEBX_K@Z 0000000180036bcc     libucrt:inittime.obj
 0004:00001bd8       $pdata$__acrt_locale_free_time 0000000180036bd8     libucrt:inittime.obj
 0004:00001be4       $pdata$__acrt_GetStringTypeA 0000000180036be4     libucrt:getstringtypea.obj
 0004:00001bf0       $pdata$__acrt_lowio_create_handle_array 0000000180036bf0     libucrt:osfinfo.obj
 0004:00001bfc       $pdata$__acrt_lowio_destroy_handle_array 0000000180036bfc     libucrt:osfinfo.obj
 0004:00001c08       $pdata$__acrt_lowio_ensure_fh_exists 0000000180036c08     libucrt:osfinfo.obj
 0004:00001c14       $pdata$_free_osfhnd        0000000180036c14     libucrt:osfinfo.obj
 0004:00001c20       $pdata$_get_osfhandle      0000000180036c20     libucrt:osfinfo.obj
 0004:00001c2c       $pdata$??$?RV<lambda_a37b2b86f63e897a80ea819b0eb08c01>@@AEAV<lambda_38ce7e780aa69e748d6df282ebc68efe>@@V<lambda_99fb1378e971ab6e7edea83e3a7a83a2>@@@?$__crt_seh_guarded_call@H@@QEAAH$$QEAV<lambda_a37b2b86f63e897a80ea819b0eb08c01>@@AEAV<lambda_38ce7e780aa69e748d6df282ebc68efe>@@$$QEAV<lambda_99fb1378e971ab6e7edea83e3a7a83a2>@@@Z 0000000180036c2c     libucrt:commit.obj
 0004:00001c38       $pdata$_commit             0000000180036c38     libucrt:commit.obj
 0004:00001c44       $pdata$?write_double_translated_ansi_nolock@@YA?AUwrite_result@?A0x17268360@@HQEBDI@Z 0000000180036c44     libucrt:write.obj
 0004:00001c50       $pdata$?write_text_ansi_nolock@@YA?AUwrite_result@?A0x17268360@@HQEBDI@Z 0000000180036c50     libucrt:write.obj
 0004:00001c5c       $pdata$?write_text_utf16le_nolock@@YA?AUwrite_result@?A0x17268360@@HQEBDI@Z 0000000180036c5c     libucrt:write.obj
 0004:00001c68       $pdata$?write_text_utf8_nolock@@YA?AUwrite_result@?A0x17268360@@HQEBDI@Z 0000000180036c68     libucrt:write.obj
 0004:00001c74       $pdata$_write              0000000180036c74     libucrt:write.obj
 0004:00001c80       $pdata$_write_nolock       0000000180036c80     libucrt:write.obj
 0004:00001c8c       $pdata$__acrt_LCMapStringW 0000000180036c8c     libucrt:lcmapstringw.obj
 0004:00001c98       $pdata$qsort               0000000180036c98     libucrt:qsort.obj
 0004:00001ca4       $pdata$4$qsort             0000000180036ca4     libucrt:qsort.obj
 0004:00001cb0       $pdata$5$qsort             0000000180036cb0     libucrt:qsort.obj
 0004:00001cbc       $pdata$strncpy_s           0000000180036cbc     libucrt:strncpy_s.obj
 0004:00001cc8       $pdata$fallbackMethod      0000000180036cc8     libucrt:strpbrk.obj
 0004:00001cd4       $pdata$strpbrk             0000000180036cd4     libucrt:strpbrk.obj
 0004:00001ce0       $pdata$_mbsdec_l           0000000180036ce0     libucrt:mbsdec.obj
 0004:00001cec       $pdata$?initialize_multibyte@@YAHXZ 0000000180036cec     libucrt:multibyte_initializer.obj
 0004:00001cf8       $pdata$_msize_base         0000000180036cf8     libucrt:msize.obj
 0004:00001d04       $pdata$_realloc_base       0000000180036d04     libucrt:realloc_base.obj
 0004:00001d10       $pdata$?GetTableIndexFromLocaleName@@YAHPEB_W@Z 0000000180036d10     libucrt:lcidtoname_downlevel.obj
 0004:00001d1c       $pdata$__acrt_DownlevelLocaleNameToLCID 0000000180036d1c     libucrt:lcidtoname_downlevel.obj
 0004:00001d28       $pdata$?__mbrtoc32_utf8@__crt_mbstring@@YA_KPEA_UPEBD_KPEAU_Mbstatet@@@Z 0000000180036d28     libucrt:mbrtoc32.obj
 0004:00001d34       $pdata$fegetenv            0000000180036d34     libucrt:fegetenv.obj
 0004:00001d40       $pdata$fesetenv            0000000180036d40     libucrt:fesetenv.obj
 0004:00001d4c       $pdata$feholdexcept        0000000180036d4c     libucrt:feholdexcept.obj
 0004:00001d64       $pdata$??$common_lseek@_J@@YA_JH_JH@Z 0000000180036d64     libucrt:lseek.obj
 0004:00001d70       $pdata$??$common_lseek_nolock@_J@@YA_JH_JH@Z 0000000180036d70     libucrt:lseek.obj
 0004:00001d7c       $pdata$__acrt_stdio_allocate_buffer_nolock 0000000180036d7c     libucrt:_getbuf.obj
 0004:00001d88       $pdata$_fclose_nolock      0000000180036d88     libucrt:fclose.obj
 0004:00001d94       $pdata$fclose              0000000180036d94     libucrt:fclose.obj
 0004:00001da0       $pdata$_putwch_nolock      0000000180036da0     libucrt:putwch.obj
 0004:00001dac       $pdata$__acrt_fenv_set_control 0000000180036dac     libucrt:_fenvutils.obj
 0004:00001db8       $pdata$_clearfp            0000000180036db8     libucrt:ieee.obj
 0004:00001dc4       $pdata$_call_matherr       0000000180036dc4     libucrt:libm_error.obj
 0004:00001dd0       $pdata$_exception_enabled  0000000180036dd0     libucrt:libm_error.obj
 0004:00001ddc       $pdata$_handle_error       0000000180036ddc     libucrt:libm_error.obj
 0004:00001de8       $pdata$__acrt_initialize_fma3 0000000180036de8     libucrt:fma3_available.obj
 0004:00001df4       $pdata$_log10_special      0000000180036df4     libucrt:log_special.obj
 0004:00001e00       $pdata$_log_special_common 0000000180036e00     libucrt:log_special.obj
 0004:00001e0c       $pdata$??$?RV<lambda_751a882b2c74d4b022dec766aa51a29a>@@AEAV<lambda_628dfdc04ba53c8bfc02c9951375f3f5>@@V<lambda_f6c7be5f7998530c34de24c7437d6b54>@@@?$__crt_seh_guarded_call@H@@QEAAH$$QEAV<lambda_751a882b2c74d4b022dec766aa51a29a>@@AEAV<lambda_628dfdc04ba53c8bfc02c9951375f3f5>@@$$QEAV<lambda_f6c7be5f7998530c34de24c7437d6b54>@@@Z 0000000180036e0c     libucrt:close.obj
 0004:00001e18       $pdata$_close              0000000180036e18     libucrt:close.obj
 0004:00001e24       $pdata$_close_nolock       0000000180036e24     libucrt:close.obj
 0004:00001e30       $pdata$__dcrt_lowio_ensure_console_output_initialized 0000000180036e30     libucrt:initcon.obj
 0004:00001e3c       $pdata$__dcrt_terminate_console_output 0000000180036e3c     libucrt:initcon.obj
 0004:00001e48       $pdata$__dcrt_write_console 0000000180036e48     libucrt:initcon.obj
 0004:00001e60       $pdata$_raise_exc          0000000180036e60     libucrt:fpexcept.obj
 0004:00001e6c       $pdata$_raise_exc_ex       0000000180036e6c     libucrt:fpexcept.obj
 0004:00001e78       $pdata$_set_errno_from_matherr 0000000180036e78     libucrt:fpexcept.obj
 0004:00001e84       $pdata$_clrfp              0000000180036e84     libucrt:fpctrl.obj
 0004:00001e90       $pdata$_ctrlfp             0000000180036e90     libucrt:fpctrl.obj
 0004:00001e9c       $pdata$_set_statfp         0000000180036e9c     libucrt:fpctrl.obj
 0004:00001ea8       $pdata$_statfp             0000000180036ea8     libucrt:fpctrl.obj
 0004:00001eb4       $pdata$?DloadAcquireSectionWriteAccess@@YAXXZ 0000000180036eb4     DelayImp:delayhlp.obj
 0004:00001ec0       $pdata$?DloadGetSRWLockFunctionPointers@@YAEXZ 0000000180036ec0     DelayImp:delayhlp.obj
 0004:00001ecc       $pdata$?DloadMakePermanentImageCommit@@YAXPEAX_K@Z 0000000180036ecc     DelayImp:delayhlp.obj
 0004:00001ed8       $pdata$?DloadObtainSection@@YAPEAXPEAK0@Z 0000000180036ed8     DelayImp:delayhlp.obj
 0004:00001ee4       $pdata$?DloadProtectSection@@YAXKPEAK@Z 0000000180036ee4     DelayImp:delayhlp.obj
 0004:00001ef0       $pdata$?DloadReleaseSectionWriteAccess@@YAXXZ 0000000180036ef0     DelayImp:delayhlp.obj
 0004:00001efc       $pdata$__delayLoadHelper2  0000000180036efc     DelayImp:delayhlp.obj
 0004:00001f08       $pdata$_IsNonwritableInCurrentImage 0000000180036f08     LIBCMT:pesect.obj
 0004:00001f14       $pdata$__GSHandlerCheck    0000000180036f14     LIBCMT:gshandler.obj
 0004:00001f20       $pdata$__GSHandlerCheckCommon 0000000180036f20     LIBCMT:gshandler.obj
 0004:00001f38       $pdata$strrchr             0000000180036f38     libvcruntime:strrchr.obj
 0004:00001f5c       $pdata$__scrt_is_nonwritable_in_current_image$filt$0 0000000180036f5c     LIBCMT:utility.obj
 0004:00001f68       $pdata$?fin$0@?0??dllmain_crt_process_attach@@YAHQEAUHINSTANCE__@@QEAX@Z@4HA 0000000180036f68     LIBCMT:dll_dllmain.obj
 0004:00001f74       $pdata$?fin$0@?0??dllmain_crt_process_detach@@YAH_N@Z@4HA 0000000180036f74     LIBCMT:dll_dllmain.obj
 0004:00001f80       $pdata$?filt$0@?0??dllmain_dispatch@@YAHQEAUHINSTANCE__@@KQEAX@Z@4HA 0000000180036f80     LIBCMT:dll_dllmain.obj
 0004:00001f8c       $pdata$__DestructExceptionObject$filt$0 0000000180036f8c     libvcruntime:ehhelpers.obj
 0004:00001f98       $pdata$?fin$0@?0???$?RV<lambda_c376a267cfb53b6959b3b692ec76b120>@@AEAV<lambda_9a32fed5bf61b6b509b2d3f6003082a1>@@V<lambda_572fbb9fa0ab338edf41edfd4b5fcc8d>@@@?$__crt_seh_guarded_call@H@@QEAAH$$QEAV<lambda_c376a267cfb53b6959b3b692ec76b120>@@AEAV<lambda_9a32fed5bf61b6b509b2d3f6003082a1>@@$$QEAV<lambda_572fbb9fa0ab338edf41edfd4b5fcc8d>@@@Z@4HA 0000000180036f98     libucrt:fflush.obj
 0004:00001f98       $pdata$?fin$0@?0???$?RV<lambda_84ec643ea9557e2f7dc01bb0e9624395>@@AEAV<lambda_ca71763b3c0644891230e4f79ea54fa6>@@V<lambda_439a761618c59b0600e24586724d733b>@@@?$__crt_seh_guarded_call@H@@QEAAH$$QEAV<lambda_84ec643ea9557e2f7dc01bb0e9624395>@@AEAV<lambda_ca71763b3c0644891230e4f79ea54fa6>@@$$QEAV<lambda_439a761618c59b0600e24586724d733b>@@@Z@4HA 0000000180036f98     libucrt:setvbuf.obj
 0004:00001f98       $pdata$?fin$0@?0???$?RV<lambda_0d412022a4b28cc8a401ea49574e8ae6>@@AEAV<lambda_a775ed57af18ba8e4d5dc780aa9068fe>@@V<lambda_975a71a6baa488a08f4e15f6b0339b9e>@@@?$__crt_seh_guarded_call@H@@QEAAH$$QEAV<lambda_0d412022a4b28cc8a401ea49574e8ae6>@@AEAV<lambda_a775ed57af18ba8e4d5dc780aa9068fe>@@$$QEAV<lambda_975a71a6baa488a08f4e15f6b0339b9e>@@@Z@4HA 0000000180036f98     libucrt:output.obj
 0004:00001f98       $pdata$?fin$0@?0???$?RV<lambda_842d9ff0dc9ef11c61343bbaebe7f885>@@AEAV<lambda_c5860995281e5c4ce005b3de8f5874ee>@@V<lambda_d90129c13df834fdcbf8d2b88dafcf2d>@@@?$__crt_seh_guarded_call@X@@QEAAX$$QEAV<lambda_842d9ff0dc9ef11c61343bbaebe7f885>@@AEAV<lambda_c5860995281e5c4ce005b3de8f5874ee>@@$$QEAV<lambda_d90129c13df834fdcbf8d2b88dafcf2d>@@@Z@4HA 0000000180036f98     libucrt:fflush.obj
 0004:00001fa4       $pdata$_query_new_handler$fin$0 0000000180036fa4     libucrt:new_handler.obj
 0004:00001fb0       $pdata$?fin$0@?0???$?RV<lambda_0ae27a3a962d80f24befdcbee591983d>@@AEAV<lambda_8d0ee55de4b1038c4002e0adecdf1839>@@V<lambda_dc504788e8f1664fe9b84e20bfb512f2>@@@?$__crt_seh_guarded_call@X@@QEAAX$$QEAV<lambda_0ae27a3a962d80f24befdcbee591983d>@@AEAV<lambda_8d0ee55de4b1038c4002e0adecdf1839>@@$$QEAV<lambda_dc504788e8f1664fe9b84e20bfb512f2>@@@Z@4HA 0000000180036fb0     libucrt:per_thread_data.obj
 0004:00001fb0       $pdata$?fin$0@?0???$?RV<lambda_aa87e3671a710a21b5dc78c0bdf72e11>@@AEAV<lambda_92619d2358a28f41a33ba319515a20b9>@@V<lambda_6992ecaafeb10aed2b74cb1fae11a551>@@@?$__crt_seh_guarded_call@X@@QEAAX$$QEAV<lambda_aa87e3671a710a21b5dc78c0bdf72e11>@@AEAV<lambda_92619d2358a28f41a33ba319515a20b9>@@$$QEAV<lambda_6992ecaafeb10aed2b74cb1fae11a551>@@@Z@4HA 0000000180036fb0     libucrt:per_thread_data.obj
 0004:00001fb0       $pdata$?fin$0@?0???$?RV<lambda_d80eeec6fff315bfe5c115232f3240e3>@@AEAV<lambda_6e4b09c48022b2350581041d5f6b0c4c>@@V<lambda_2358e3775559c9db80273638284d5e45>@@@?$__crt_seh_guarded_call@X@@QEAAX$$QEAV<lambda_d80eeec6fff315bfe5c115232f3240e3>@@AEAV<lambda_6e4b09c48022b2350581041d5f6b0c4c>@@$$QEAV<lambda_2358e3775559c9db80273638284d5e45>@@@Z@4HA 0000000180036fb0     libucrt:exit.obj
 0004:00001fb0       $pdata$?fin$0@?0???$?RV<lambda_638799b9deba96c50f710eeac98168cd>@@AEAV<lambda_22ebabd17bc4fa466a2aca6d8deb888d>@@V<lambda_a6f7d7db0129f75315ebf26d50c089f1>@@@?$__crt_seh_guarded_call@H@@QEAAH$$QEAV<lambda_638799b9deba96c50f710eeac98168cd>@@AEAV<lambda_22ebabd17bc4fa466a2aca6d8deb888d>@@$$QEAV<lambda_a6f7d7db0129f75315ebf26d50c089f1>@@@Z@4HA 0000000180036fb0     libucrt:onexit.obj
 0004:00001fb0       $pdata$?fin$0@?0???$?RV<lambda_7777bce6b2f8c936911f934f8298dc43>@@AEAV<lambda_f03950bc5685219e0bcd2087efbe011e>@@V<lambda_3883c3dff614d5e0c5f61bb1ac94921c>@@@?$__crt_seh_guarded_call@H@@QEAAH$$QEAV<lambda_7777bce6b2f8c936911f934f8298dc43>@@AEAV<lambda_f03950bc5685219e0bcd2087efbe011e>@@$$QEAV<lambda_3883c3dff614d5e0c5f61bb1ac94921c>@@@Z@4HA 0000000180036fb0     libucrt:onexit.obj
 0004:00001fb0       $pdata$?fin$0@?0???$?RV<lambda_f2e299630e499de9f9a165e60fcd3db5>@@AEAV<lambda_2ae9d31cdba2644fcbeaf08da7c24588>@@V<lambda_40d01ff24d0e7b3814fdbdcee8eab3c7>@@@?$__crt_seh_guarded_call@X@@QEAAX$$QEAV<lambda_f2e299630e499de9f9a165e60fcd3db5>@@AEAV<lambda_2ae9d31cdba2644fcbeaf08da7c24588>@@$$QEAV<lambda_40d01ff24d0e7b3814fdbdcee8eab3c7>@@@Z@4HA 0000000180036fb0     libucrt:per_thread_data.obj
 0004:00001fb0       $pdata$?fin$0@?0???$?RV<lambda_efdfa57d1f175319df784efa44bb7b81>@@AEAV<lambda_5f0a4c1567f8adc6734073e5d1e1b35c>@@V<lambda_2e8a7d3640ea6ccb4c2413664c2db6fd>@@@?$__crt_seh_guarded_call@X@@QEAAX$$QEAV<lambda_efdfa57d1f175319df784efa44bb7b81>@@AEAV<lambda_5f0a4c1567f8adc6734073e5d1e1b35c>@@$$QEAV<lambda_2e8a7d3640ea6ccb4c2413664c2db6fd>@@@Z@4HA 0000000180036fb0     libucrt:mbctype.obj
 0004:00001fb0       $pdata$?fin$0@?0???$?RV<lambda_2d41944a1d46af3157314b8a01080d33>@@AEAV<lambda_8f455de75cd7d7f24b4096f044d8b9e6>@@V<lambda_aa500f224e6afead328df44964fe2772>@@@?$__crt_seh_guarded_call@X@@QEAAX$$QEAV<lambda_2d41944a1d46af3157314b8a01080d33>@@AEAV<lambda_8f455de75cd7d7f24b4096f044d8b9e6>@@$$QEAV<lambda_aa500f224e6afead328df44964fe2772>@@@Z@4HA 0000000180036fb0     libucrt:per_thread_data.obj
 0004:00001fb0       $pdata$?fin$0@?0???$?RV<lambda_450d765d439847d4c735a33c368b5fc0>@@AEAV<lambda_44731a7d0e6d81c3e6aa82d741081786>@@V<lambda_601a2a7da3b7a96e9554ac7215c4b07c>@@@?$__crt_seh_guarded_call@P6AXH@Z@@QEAAP6AXH@Z$$QEAV<lambda_450d765d439847d4c735a33c368b5fc0>@@AEAV<lambda_44731a7d0e6d81c3e6aa82d741081786>@@$$QEAV<lambda_601a2a7da3b7a96e9554ac7215c4b07c>@@@Z@4HA 0000000180036fb0     libucrt:signal.obj
 0004:00001fbc       $pdata$?filt$0@?0???R<lambda_6e4b09c48022b2350581041d5f6b0c4c>@@QEBA@XZ@4HA 0000000180036fbc     libucrt:exit.obj
 0004:00001fc8       $pdata$?fin$0@?0???$?RV<lambda_410d79af7f07d98d83a3f525b3859a53>@@AEAV<lambda_3e16ef9562a7dcce91392c22ab16ea36>@@V<lambda_38119f0e861e05405d8a144b9b982f0a>@@@?$__crt_seh_guarded_call@X@@QEAAX$$QEAV<lambda_410d79af7f07d98d83a3f525b3859a53>@@AEAV<lambda_3e16ef9562a7dcce91392c22ab16ea36>@@$$QEAV<lambda_38119f0e861e05405d8a144b9b982f0a>@@@Z@4HA 0000000180036fc8     libucrt:wsetlocale.obj
 0004:00001fd4       $pdata$__acrt_lowio_ensure_fh_exists$fin$0 0000000180036fd4     libucrt:osfinfo.obj
 0004:00001fd4       $pdata$__acrt_initialize_lowio$fin$0 0000000180036fd4     libucrt:ioinit.obj
 0004:00001fe0       $pdata$?fin$0@?0???$?RV<lambda_886d6c58226a84441f68b9f2b8217b83>@@AEAV<lambda_ab61a845afdef5b7c387490eaf3616ee>@@V<lambda_f7f22ab5edc0698d5f6905b0d3f44752>@@@?$__crt_seh_guarded_call@X@@QEAAX$$QEAV<lambda_886d6c58226a84441f68b9f2b8217b83>@@AEAV<lambda_ab61a845afdef5b7c387490eaf3616ee>@@$$QEAV<lambda_f7f22ab5edc0698d5f6905b0d3f44752>@@@Z@4HA 0000000180036fe0     libucrt:fflush.obj
 0004:00001fec       $pdata$raise$fin$0         0000000180036fec     libucrt:signal.obj
 0004:00001ff8       $pdata$?fin$0@?0??update_thread_multibyte_data_internal@@YAPEAU__crt_multibyte_data@@QEAU__acrt_ptd@@QEAPEAU1@@Z@4HA 0000000180036ff8     libucrt:mbctype.obj
 0004:00002004       $pdata$__acrt_update_thread_locale_data$fin$0 0000000180037004     libucrt:locale_refcounting.obj
 0004:00002010       $pdata$_fcloseall$fin$0    0000000180037010     libucrt:closeall.obj
 0004:0000201c       $pdata$?fin$0@?0???$?RV<lambda_a37b2b86f63e897a80ea819b0eb08c01>@@AEAV<lambda_38ce7e780aa69e748d6df282ebc68efe>@@V<lambda_99fb1378e971ab6e7edea83e3a7a83a2>@@@?$__crt_seh_guarded_call@H@@QEAAH$$QEAV<lambda_a37b2b86f63e897a80ea819b0eb08c01>@@AEAV<lambda_38ce7e780aa69e748d6df282ebc68efe>@@$$QEAV<lambda_99fb1378e971ab6e7edea83e3a7a83a2>@@@Z@4HA 000000018003701c     libucrt:commit.obj
 0004:0000201c       $pdata$?fin$0@?0???$?RV<lambda_751a882b2c74d4b022dec766aa51a29a>@@AEAV<lambda_628dfdc04ba53c8bfc02c9951375f3f5>@@V<lambda_f6c7be5f7998530c34de24c7437d6b54>@@@?$__crt_seh_guarded_call@H@@QEAAH$$QEAV<lambda_751a882b2c74d4b022dec766aa51a29a>@@AEAV<lambda_628dfdc04ba53c8bfc02c9951375f3f5>@@$$QEAV<lambda_f6c7be5f7998530c34de24c7437d6b54>@@@Z@4HA 000000018003701c     libucrt:close.obj
 0004:00002028       $pdata$?fin$0@?0???$common_lseek@_J@@YA_JH_JH@Z@4HA 0000000180037028     libucrt:lseek.obj
 0004:00002028       $pdata$_write$fin$0        0000000180037028     libucrt:write.obj
 0004:00002034       $pdata$fclose$fin$0        0000000180037034     libucrt:fclose.obj
 0004:00002040       $pdata$_ctrlfp$filt$0      0000000180037040     libucrt:fpctrl.obj
 0004:0000204c       $pdata$_IsNonwritableInCurrentImage$filt$0 000000018003704c     LIBCMT:pesect.obj
 0004:00002058       $pdata$??__Fvtypes@@YAXXZ  0000000180037058     disp.obj
 0005:00000060       $R000000                   0000000180038060     * linker generated manifest res *

 Exports

  ordinal    name

        1    _register_node_activex_
